Archive member included to satisfy reference by file (symbol)

c:/program files/microchip/xc32/v4.00/bin/bin/../../lib/gcc/pic32c/8.3.1/../../../../pic32c/lib/thumb/v7e-m+fp/hard\libpic32c.a(data_init.o)
                              build/Artemis_PDU/production/_ext/974488028/startup_xc32.o (__pic32c_data_initialization)
c:/program files/microchip/xc32/v4.00/bin/bin/../../lib/gcc/pic32c/8.3.1/../../../../pic32c/lib/thumb/v7e-m+fp/hard\libc-musl.a(__libc_start_main.o)
                              build/Artemis_PDU/production/_ext/974488028/startup_xc32.o (__libc_init_array)
c:/program files/microchip/xc32/v4.00/bin/bin/../../lib/gcc/pic32c/8.3.1/../../../../pic32c/lib/thumb/v7e-m+fp/hard\libc-musl.a(libc.o)
                              c:/program files/microchip/xc32/v4.00/bin/bin/../../lib/gcc/pic32c/8.3.1/../../../../pic32c/lib/thumb/v7e-m+fp/hard\libc-musl.a(__libc_start_main.o) (__progname_full)
c:/program files/microchip/xc32/v4.00/bin/bin/../../lib/gcc/pic32c/8.3.1/../../../../pic32c/lib/thumb/v7e-m+fp/hard\libc-musl.a(memcmp.o)
                              build/Artemis_PDU/production/_ext/1760076532/drv_sdspi.o (memcmp)
c:/program files/microchip/xc32/v4.00/bin/bin/../../lib/gcc/pic32c/8.3.1/../../../../pic32c/lib/thumb/v7e-m+fp/hard\libc-musl.a(memcpy.o)
                              build/Artemis_PDU/production/_ext/236948536/plib_nvmctrl.o (memcpy)
c:/program files/microchip/xc32/v4.00/bin/bin/../../lib/gcc/pic32c/8.3.1/../../../../pic32c/lib/thumb/v7e-m+fp/hard\libc-musl.a(memset.o)
                              build/Artemis_PDU/production/_ext/1111598889/sys_fs.o (memset)
c:/program files/microchip/xc32/v4.00/bin/bin/../../lib/gcc/pic32c/8.3.1/../../../../pic32c/lib/thumb/v7e-m+fp/hard\libc-musl.a(strlen.o)
                              build/Artemis_PDU/production/_ext/1111598889/sys_fs.o (strlen)
c:/program files/microchip/xc32/v4.00/bin/bin/../../lib/gcc/pic32c/8.3.1/../../../../pic32c/lib/thumb/v7e-m+fp/hard\libc-musl.a(strstr.o)
                              build/Artemis_PDU/production/_ext/1360937237/app.o (strstr)
c:/program files/microchip/xc32/v4.00/bin/bin/../../lib/gcc/pic32c/8.3.1/../../../../pic32c/lib/thumb/v7e-m+fp/hard\libc-musl.a(strcmp.o)
                              build/Artemis_PDU/production/_ext/1111598889/sys_fs_media_manager.o (strcmp)
c:/program files/microchip/xc32/v4.00/bin/bin/../../lib/gcc/pic32c/8.3.1/../../../../pic32c/lib/thumb/v7e-m+fp/hard\libc-musl.a(strcpy.o)
                              build/Artemis_PDU/production/_ext/1111598889/sys_fs.o (strcpy)
c:/program files/microchip/xc32/v4.00/bin/bin/../../lib/gcc/pic32c/8.3.1/../../../../pic32c/lib/thumb/v7e-m+fp/hard\libc-musl.a(strncmp.o)
                              build/Artemis_PDU/production/_ext/1111598889/sys_fs.o (strncmp)
c:/program files/microchip/xc32/v4.00/bin/bin/../../lib/gcc/pic32c/8.3.1/../../../../pic32c/lib/thumb/v7e-m+fp/hard\libc-musl.a(__environ.o)
                              c:/program files/microchip/xc32/v4.00/bin/bin/../../lib/gcc/pic32c/8.3.1/../../../../pic32c/lib/thumb/v7e-m+fp/hard\libc-musl.a(__libc_start_main.o) (__environ)
c:/program files/microchip/xc32/v4.00/bin/bin/../../lib/gcc/pic32c/8.3.1/../../../../pic32c/lib/thumb/v7e-m+fp/hard\libc-musl.a(stpcpy.o)
                              c:/program files/microchip/xc32/v4.00/bin/bin/../../lib/gcc/pic32c/8.3.1/../../../../pic32c/lib/thumb/v7e-m+fp/hard\libc-musl.a(strcpy.o) (__stpcpy)
c:/program files/microchip/xc32/v4.00/bin/bin/../../lib/gcc/pic32c/8.3.1/thumb/v7e-m+fp/hard\libgcc.a(_aeabi_uldivmod.o)
                              build/Artemis_PDU/production/_ext/1679430495/plib_sercom3_usart.o (__aeabi_uldivmod)
c:/program files/microchip/xc32/v4.00/bin/bin/../../lib/gcc/pic32c/8.3.1/thumb/v7e-m+fp/hard\libgcc.a(_udivmoddi4.o)
                              c:/program files/microchip/xc32/v4.00/bin/bin/../../lib/gcc/pic32c/8.3.1/thumb/v7e-m+fp/hard\libgcc.a(_aeabi_uldivmod.o) (__udivmoddi4)
c:/program files/microchip/xc32/v4.00/bin/bin/../../lib/gcc/pic32c/8.3.1/thumb/v7e-m+fp/hard\libgcc.a(_dvmd_tls.o)
                              c:/program files/microchip/xc32/v4.00/bin/bin/../../lib/gcc/pic32c/8.3.1/thumb/v7e-m+fp/hard\libgcc.a(_aeabi_uldivmod.o) (__aeabi_ldiv0)

Microchip PIC32 Memory-Usage Report

ROM Program-Memory Usage
section                    address  length [bytes]      (dec)  Description
-------                 ----------  -------------------------  -----------
.vectors                         0          0x260         608   
.text                        0x260           0x20          32  App's exec code 
.ARM.exidx                   0x280            0x8           8   
.text.f_mkfs                 0x288          0x808        2056   
.text.DRV_SDSPI_Tasks        0xa90          0x6a0        1696   
.dinit                      0x1130          0x400        1024   
.text.SYS_FS_MEDIA_MANA     0x1530          0x3f8        1016   
.text.follow_path           0x1928          0x3ac         940   
[...]
Memory Configuration

Name             Origin             Length             Attributes
rom              0x00000000         0x00080000         xrl
ram              0x20000000         0x00030000         xw !r
tcm              0x03000000         0x00000000         xw
config_00804000  0x00804000         0x00000004
config_00804008  0x00804008         0x00000004
config_00804004  0x00804004         0x00000004
*default*        0x00000000         0xffffffff

Linker script and memory map

LOAD c:/program files/microchip/xc32/v4.00/bin/bin/../../lib/gcc/pic32c/8.3.1/thumb/v7e-m+fp/hard/crti.o
LOAD c:/program files/microchip/xc32/v4.00/bin/bin/../../lib/gcc/pic32c/8.3.1/thumb/v7e-m+fp/hard/crtbegin.o
LOAD build/Artemis_PDU/production/_ext/1760076532/drv_sdspi.o
LOAD build/Artemis_PDU/production/_ext/1760076532/drv_sdspi_file_system.o
LOAD build/Artemis_PDU/production/_ext/1760076532/drv_sdspi_driver_interface.o
LOAD build/Artemis_PDU/production/_ext/1471363227/drv_spi.o
LOAD build/Artemis_PDU/production/_ext/1624425958/osal_freertos.o
LOAD build/Artemis_PDU/production/_ext/1650922938/plib_clock.o
LOAD build/Artemis_PDU/production/_ext/1023086318/plib_cmcc.o
LOAD build/Artemis_PDU/production/_ext/1648773452/plib_evsys.o
LOAD build/Artemis_PDU/production/_ext/1022749782/plib_nvic.o
LOAD build/Artemis_PDU/production/_ext/236948536/plib_nvmctrl.o
LOAD build/Artemis_PDU/production/_ext/1022696631/plib_port.o
LOAD build/Artemis_PDU/production/_ext/659748505/plib_rtc_timer.o
LOAD build/Artemis_PDU/production/_ext/835284660/plib_sercom4_i2c_slave.o
LOAD build/Artemis_PDU/production/_ext/796654533/plib_sercom2_spi_master.o
LOAD build/Artemis_PDU/production/_ext/1679430495/plib_sercom3_usart.o
LOAD build/Artemis_PDU/production/_ext/1186129630/xc32_monitor.o
LOAD build/Artemis_PDU/production/_ext/177662547/sys_cache.o
LOAD build/Artemis_PDU/production/_ext/1148418531/sys_dma.o
LOAD build/Artemis_PDU/production/_ext/401857885/ff.o
LOAD build/Artemis_PDU/production/_ext/401857885/ffunicode.o
LOAD build/Artemis_PDU/production/_ext/867183764/diskio.o
LOAD build/Artemis_PDU/production/_ext/1111598889/sys_fs.o
LOAD build/Artemis_PDU/production/_ext/1111598889/sys_fs_media_manager.o
LOAD build/Artemis_PDU/production/_ext/1111598889/sys_fs_fat_interface.o
LOAD build/Artemis_PDU/production/_ext/1813730513/sys_int.o
LOAD build/Artemis_PDU/production/_ext/1304864151/sys_time.o
LOAD build/Artemis_PDU/production/_ext/974488028/initialization.o
LOAD build/Artemis_PDU/production/_ext/974488028/interrupts.o
LOAD build/Artemis_PDU/production/_ext/974488028/exceptions.o
LOAD build/Artemis_PDU/production/_ext/974488028/startup_xc32.o
LOAD build/Artemis_PDU/production/_ext/974488028/libc_syscalls.o
LOAD build/Artemis_PDU/production/_ext/974488028/freertos_hooks.o
LOAD build/Artemis_PDU/production/_ext/974488028/tasks.o
LOAD build/Artemis_PDU/production/_ext/246609638/port.o
LOAD build/Artemis_PDU/production/_ext/1665200909/heap_1.o
LOAD build/Artemis_PDU/production/_ext/404212886/croutine.o
LOAD build/Artemis_PDU/production/_ext/404212886/list.o
LOAD build/Artemis_PDU/production/_ext/404212886/queue.o
LOAD build/Artemis_PDU/production/_ext/404212886/FreeRTOS_tasks.o
LOAD build/Artemis_PDU/production/_ext/404212886/timers.o
LOAD build/Artemis_PDU/production/_ext/404212886/event_groups.o
LOAD build/Artemis_PDU/production/_ext/404212886/stream_buffer.o
LOAD build/Artemis_PDU/production/_ext/1360937237/main.o
LOAD build/Artemis_PDU/production/_ext/1360937237/app.o
                0x00000001                __MPLAB_BUILD = 0x1
                0x00080000                __rom_end = (ORIGIN (rom) + LENGTH (rom))
                0x20030000                __ram_end = (ORIGIN (ram) + LENGTH (ram))

.config_00804000
 *(.config_00804000)

.config_00804008
 *(.config_00804008)

.config_00804004
 *(.config_00804004)

.vectors        0x00000000      0x260
                0x00000000                . = ALIGN (0x4)
                0x00000000                _sfixed = .
 *(.vectors .vectors.* .vectors_default .vectors_default.*)
 .vectors.exception_table
                0x00000000      0x260 build/Artemis_PDU/production/_ext/974488028/interrupts.o
                0x00000000                exception_table
 *(.isr_vector)
 *(.reset*)
 *(.after_vectors)

.text           0x00000260       0x20
                0x00000260                . = ALIGN (0x4)
 *(.glue_7t)
 .glue_7t       0x00000260        0x0 linker stubs
 *(.glue_7)
 .glue_7        0x00000260        0x0 linker stubs
 *(.gnu.linkonce.r.*)
 *(.ARM.extab* .gnu.linkonce.armextab.*)
                0x00000260                . = ALIGN (0x4)
 *(.init)
 .init          0x00000260        0x4 c:/program files/microchip/xc32/v4.00/bin/bin/../../lib/gcc/pic32c/8.3.1/thumb/v7e-m+fp/hard/crti.o
                0x00000260                _init
 .init          0x00000264        0x8 c:/program files/microchip/xc32/v4.00/bin/bin/../../lib/gcc/pic32c/8.3.1/thumb/v7e-m+fp/hard/crtn.o
                0x0000026c                . = ALIGN (0x4)
                0x0000026c                __preinit_array_start = .
 *(.preinit_array)
                0x0000026c                __preinit_array_end = .
                0x0000026c                . = ALIGN (0x4)
                0x0000026c                __init_array_start = .
 *(SORT_BY_NAME(.init_array.*))
 *(.init_array)
 .init_array    0x0000026c        0x4 c:/program files/microchip/xc32/v4.00/bin/bin/../../lib/gcc/pic32c/8.3.1/thumb/v7e-m+fp/hard/crtbegin.o
                0x00000270                __init_array_end = .
                0x00000270                . = ALIGN (0x4)
 *crtbegin.o(.ctors)
 *(EXCLUDE_FILE(*crtend.o) .ctors)
 *(SORT_BY_NAME(.ctors.*))
 *crtend.o(.ctors)
                0x00000270                . = ALIGN (0x4)
 *(.fini)
 .fini          0x00000270        0x4 c:/program files/microchip/xc32/v4.00/bin/bin/../../lib/gcc/pic32c/8.3.1/thumb/v7e-m+fp/hard/crti.o
                0x00000270                _fini
 .fini          0x00000274        0x8 c:/program files/microchip/xc32/v4.00/bin/bin/../../lib/gcc/pic32c/8.3.1/thumb/v7e-m+fp/hard/crtn.o
                0x0000027c                . = ALIGN (0x4)
                0x0000027c                __fini_array_start = .
 *(.fini_array)
 .fini_array    0x0000027c        0x4 c:/program files/microchip/xc32/v4.00/bin/bin/../../lib/gcc/pic32c/8.3.1/thumb/v7e-m+fp/hard/crtbegin.o
 *(SORT_BY_NAME(.fini_array.*))
                0x00000280                __fini_array_end = .
 *crtbegin.o(.dtors)
 *(EXCLUDE_FILE(*crtend.o) .dtors)
 *(SORT_BY_NAME(.dtors.*))
 *crtend.o(.dtors)
                0x00000280                . = ALIGN (0x4)
                0x00000280                _efixed = .
                [!provide]                PROVIDE (__exidx_start = .)

.ARM.exidx      0x00000280        0x8
 *(.ARM.exidx* .gnu.linkonce.armexidx.*)
 .ARM.exidx     0x00000280        0x8 c:/program files/microchip/xc32/v4.00/bin/bin/../../lib/gcc/pic32c/8.3.1/thumb/v7e-m+fp/hard\libgcc.a(_udivmoddi4.o)
                [!provide]                PROVIDE (__exidx_end = .)
                0x00000288                . = ALIGN (0x4)
                0x00000288                _etext = .

.bss            0x20000000        0x0
                0x20000000                . = ALIGN (0x4)
                0x20000000                __bss_start__ = .
                0x20000000                _sbss = .
                0x20000000                _szero = .
 *(COMMON)
                0x20000000                . = ALIGN (0x4)
                0x20000000                __bss_end__ = .
                0x20000000                _ebss = .
                0x20000000                _ezero = .
                0x20000000                . = ALIGN (0x4)
                0x20000000                _end = .
                0x2002ffff                _ram_end_ = ((ORIGIN (ram) + LENGTH (ram)) - 0x1)
                0x00000200                _min_heap_size = 0x200
START GROUP
LOAD c:/program files/microchip/xc32/v4.00/bin/bin/../../lib/gcc/pic32c/8.3.1/../../../../pic32c/lib/thumb/v7e-m+fp/hard\libpic32c.a
LOAD c:/program files/microchip/xc32/v4.00/bin/bin/../../lib/gcc/pic32c/8.3.1/../../../../pic32c/lib/thumb/v7e-m+fp/hard\libm-emfloat.a
LOAD c:/program files/microchip/xc32/v4.00/bin/bin/../../lib/gcc/pic32c/8.3.1/../../../../pic32c/lib/thumb/v7e-m+fp/hard\libc-musl.a
LOAD c:/program files/microchip/xc32/v4.00/bin/bin/../../lib/gcc/pic32c/8.3.1/../../../../pic32c/lib/thumb/v7e-m+fp/hard\libm-emfloat.a
LOAD c:/program files/microchip/xc32/v4.00/bin/bin/../../lib/gcc/pic32c/8.3.1/thumb/v7e-m+fp/hard\libgcc.a
END GROUP
LOAD c:/program files/microchip/xc32/v4.00/bin/bin/../../lib/gcc/pic32c/8.3.1/thumb/v7e-m+fp/hard/crtend.o
LOAD c:/program files/microchip/xc32/v4.00/bin/bin/../../lib/gcc/pic32c/8.3.1/thumb/v7e-m+fp/hard/crtn.o
OUTPUT(dist/Artemis_PDU/production/Artemis_PDU.X.production.elf elf32-littlearm)
LOAD stack
LOAD data_init

.ARM.attributes
                0x00000000       0x34
 .ARM.attributes
                0x00000000       0x1e c:/program files/microchip/xc32/v4.00/bin/bin/../../lib/gcc/pic32c/8.3.1/thumb/v7e-m+fp/hard/crti.o
 .ARM.attributes
                0x0000001e       0x34 c:/program files/microchip/xc32/v4.00/bin/bin/../../lib/gcc/pic32c/8.3.1/thumb/v7e-m+fp/hard/crtbegin.o
 .ARM.attributes
                0x00000052       0x34 build/Artemis_PDU/production/_ext/1760076532/drv_sdspi.o
 .ARM.attributes
                0x00000086       0x34 build/Artemis_PDU/production/_ext/1760076532/drv_sdspi_file_system.o
 .ARM.attributes
                0x000000ba       0x34 build/Artemis_PDU/production/_ext/1760076532/drv_sdspi_driver_interface.o
 .ARM.attributes
                0x000000ee       0x34 build/Artemis_PDU/production/_ext/1471363227/drv_spi.o
 .ARM.attributes
                0x00000122       0x34 build/Artemis_PDU/production/_ext/1624425958/osal_freertos.o
 .ARM.attributes
                0x00000156       0x34 build/Artemis_PDU/production/_ext/1650922938/plib_clock.o
 .ARM.attributes
                0x0000018a       0x34 build/Artemis_PDU/production/_ext/1648773452/plib_evsys.o
 .ARM.attributes
                0x000001be       0x34 build/Artemis_PDU/production/_ext/1022749782/plib_nvic.o
 .ARM.attributes
                0x000001f2       0x34 build/Artemis_PDU/production/_ext/236948536/plib_nvmctrl.o
 .ARM.attributes
                0x00000226       0x34 build/Artemis_PDU/production/_ext/1022696631/plib_port.o
 .ARM.attributes
                0x0000025a       0x34 build/Artemis_PDU/production/_ext/659748505/plib_rtc_timer.o
 .ARM.attributes
                0x0000028e       0x34 build/Artemis_PDU/production/_ext/835284660/plib_sercom4_i2c_slave.o
 .ARM.attributes
                0x000002c2       0x34 build/Artemis_PDU/production/_ext/796654533/plib_sercom2_spi_master.o
 .ARM.attributes
                0x000002f6       0x34 build/Artemis_PDU/production/_ext/1679430495/plib_sercom3_usart.o
 .ARM.attributes
                0x0000032a       0x34 build/Artemis_PDU/production/_ext/401857885/ff.o
 .ARM.attributes
                0x0000035e       0x34 build/Artemis_PDU/production/_ext/401857885/ffunicode.o
 .ARM.attributes
                0x00000392       0x34 build/Artemis_PDU/production/_ext/867183764/diskio.o
 .ARM.attributes
                0x000003c6       0x34 build/Artemis_PDU/production/_ext/1111598889/sys_fs.o
 .ARM.attributes
                0x000003fa       0x34 build/Artemis_PDU/production/_ext/1111598889/sys_fs_media_manager.o
 .ARM.attributes
                0x0000042e       0x34 build/Artemis_PDU/production/_ext/1111598889/sys_fs_fat_interface.o
 .ARM.attributes
                0x00000462       0x34 build/Artemis_PDU/production/_ext/1813730513/sys_int.o
 .ARM.attributes
                0x00000496       0x34 build/Artemis_PDU/production/_ext/1304864151/sys_time.o
 .ARM.attributes
                0x000004ca       0x34 build/Artemis_PDU/production/_ext/974488028/initialization.o
 .ARM.attributes
                0x000004fe       0x34 build/Artemis_PDU/production/_ext/974488028/interrupts.o
 .ARM.attributes
                0x00000532       0x34 build/Artemis_PDU/production/_ext/974488028/exceptions.o
 .ARM.attributes
                0x00000566       0x34 build/Artemis_PDU/production/_ext/974488028/startup_xc32.o
 .ARM.attributes
                0x0000059a       0x34 build/Artemis_PDU/production/_ext/974488028/freertos_hooks.o
 .ARM.attributes
                0x000005ce       0x34 build/Artemis_PDU/production/_ext/974488028/tasks.o
 .ARM.attributes
                0x00000602       0x34 build/Artemis_PDU/production/_ext/246609638/port.o
 .ARM.attributes
                0x00000636       0x34 build/Artemis_PDU/production/_ext/1665200909/heap_1.o
 .ARM.attributes
                0x0000066a       0x34 build/Artemis_PDU/production/_ext/404212886/list.o
 .ARM.attributes
                0x0000069e       0x34 build/Artemis_PDU/production/_ext/404212886/queue.o
 .ARM.attributes
                0x000006d2       0x34 build/Artemis_PDU/production/_ext/404212886/FreeRTOS_tasks.o
 .ARM.attributes
                0x00000706       0x34 build/Artemis_PDU/production/_ext/1360937237/main.o
 .ARM.attributes
                0x0000073a       0x34 build/Artemis_PDU/production/_ext/1360937237/app.o
 .ARM.attributes
                0x0000076e       0x34 c:/program files/microchip/xc32/v4.00/bin/bin/../../lib/gcc/pic32c/8.3.1/../../../../pic32c/lib/thumb/v7e-m+fp/hard\libpic32c.a(data_init.o)
 .ARM.attributes
                0x000007a2       0x36 c:/program files/microchip/xc32/v4.00/bin/bin/../../lib/gcc/pic32c/8.3.1/../../../../pic32c/lib/thumb/v7e-m+fp/hard\libc-musl.a(__libc_start_main.o)
 .ARM.attributes
                0x000007d8       0x34 c:/program files/microchip/xc32/v4.00/bin/bin/../../lib/gcc/pic32c/8.3.1/../../../../pic32c/lib/thumb/v7e-m+fp/hard\libc-musl.a(libc.o)
 .ARM.attributes
                0x0000080c       0x36 c:/program files/microchip/xc32/v4.00/bin/bin/../../lib/gcc/pic32c/8.3.1/../../../../pic32c/lib/thumb/v7e-m+fp/hard\libc-musl.a(memcmp.o)
 .ARM.attributes
                0x00000842       0x36 c:/program files/microchip/xc32/v4.00/bin/bin/../../lib/gcc/pic32c/8.3.1/../../../../pic32c/lib/thumb/v7e-m+fp/hard\libc-musl.a(memcpy.o)
 .ARM.attributes
                0x00000878       0x36 c:/program files/microchip/xc32/v4.00/bin/bin/../../lib/gcc/pic32c/8.3.1/../../../../pic32c/lib/thumb/v7e-m+fp/hard\libc-musl.a(memset.o)
 .ARM.attributes
                0x000008ae       0x36 c:/program files/microchip/xc32/v4.00/bin/bin/../../lib/gcc/pic32c/8.3.1/../../../../pic32c/lib/thumb/v7e-m+fp/hard\libc-musl.a(strlen.o)
 .ARM.attributes
                0x000008e4       0x36 c:/program files/microchip/xc32/v4.00/bin/bin/../../lib/gcc/pic32c/8.3.1/../../../../pic32c/lib/thumb/v7e-m+fp/hard\libc-musl.a(strstr.o)
 .ARM.attributes
                0x0000091a       0x34 c:/program files/microchip/xc32/v4.00/bin/bin/../../lib/gcc/pic32c/8.3.1/../../../../pic32c/lib/thumb/v7e-m+fp/hard\libc-musl.a(__environ.o)
 .ARM.attributes
                0x0000094e       0x1e c:/program files/microchip/xc32/v4.00/bin/bin/../../lib/gcc/pic32c/8.3.1/thumb/v7e-m+fp/hard\libgcc.a(_aeabi_uldivmod.o)
 .ARM.attributes
                0x0000096c       0x34 c:/program files/microchip/xc32/v4.00/bin/bin/../../lib/gcc/pic32c/8.3.1/thumb/v7e-m+fp/hard\libgcc.a(_udivmoddi4.o)
 .ARM.attributes
                0x000009a0       0x1e c:/program files/microchip/xc32/v4.00/bin/bin/../../lib/gcc/pic32c/8.3.1/thumb/v7e-m+fp/hard\libgcc.a(_dvmd_tls.o)
 .ARM.attributes
                0x000009be       0x1e c:/program files/microchip/xc32/v4.00/bin/bin/../../lib/gcc/pic32c/8.3.1/thumb/v7e-m+fp/hard/crtn.o

.comment        0x00000000       0x53
 .comment       0x00000000       0x53 c:/program files/microchip/xc32/v4.00/bin/bin/../../lib/gcc/pic32c/8.3.1/thumb/v7e-m+fp/hard/crtbegin.o
                                 0x54 (size before relaxing)
 .comment       0x00000053       0x54 build/Artemis_PDU/production/_ext/1760076532/drv_sdspi.o
 .comment       0x00000053       0x54 build/Artemis_PDU/production/_ext/1760076532/drv_sdspi_file_system.o
 .comment       0x00000053       0x54 build/Artemis_PDU/production/_ext/1760076532/drv_sdspi_driver_interface.o
 .comment       0x00000053       0x54 build/Artemis_PDU/production/_ext/1471363227/drv_spi.o
 .comment       0x00000053       0x54 build/Artemis_PDU/production/_ext/1624425958/osal_freertos.o
 .comment       0x00000053       0x54 build/Artemis_PDU/production/_ext/1650922938/plib_clock.o
 .comment       0x00000053       0x54 build/Artemis_PDU/production/_ext/1648773452/plib_evsys.o
 .comment       0x00000053       0x54 build/Artemis_PDU/production/_ext/1022749782/plib_nvic.o
 .comment       0x00000053       0x54 build/Artemis_PDU/production/_ext/236948536/plib_nvmctrl.o
 .comment       0x00000053       0x54 build/Artemis_PDU/production/_ext/1022696631/plib_port.o
 .comment       0x00000053       0x54 build/Artemis_PDU/production/_ext/659748505/plib_rtc_timer.o
 .comment       0x00000053       0x54 build/Artemis_PDU/production/_ext/835284660/plib_sercom4_i2c_slave.o
 .comment       0x00000053       0x54 build/Artemis_PDU/production/_ext/796654533/plib_sercom2_spi_master.o
 .comment       0x00000053       0x54 build/Artemis_PDU/production/_ext/1679430495/plib_sercom3_usart.o
 .comment       0x00000053       0x54 build/Artemis_PDU/production/_ext/401857885/ff.o
 .comment       0x00000053       0x54 build/Artemis_PDU/production/_ext/401857885/ffunicode.o
 .comment       0x00000053       0x54 build/Artemis_PDU/production/_ext/867183764/diskio.o
 .comment       0x00000053       0x54 build/Artemis_PDU/production/_ext/1111598889/sys_fs.o
 .comment       0x00000053       0x54 build/Artemis_PDU/production/_ext/1111598889/sys_fs_media_manager.o
 .comment       0x00000053       0x54 build/Artemis_PDU/production/_ext/1111598889/sys_fs_fat_interface.o
 .comment       0x00000053       0x54 build/Artemis_PDU/production/_ext/1813730513/sys_int.o
 .comment       0x00000053       0x54 build/Artemis_PDU/production/_ext/1304864151/sys_time.o
 .comment       0x00000053       0x54 build/Artemis_PDU/production/_ext/974488028/initialization.o
 .comment       0x00000053       0x54 build/Artemis_PDU/production/_ext/974488028/interrupts.o
 .comment       0x00000053       0x54 build/Artemis_PDU/production/_ext/974488028/exceptions.o
 .comment       0x00000053       0x54 build/Artemis_PDU/production/_ext/974488028/startup_xc32.o
 .comment       0x00000053       0x54 build/Artemis_PDU/production/_ext/974488028/freertos_hooks.o
 .comment       0x00000053       0x54 build/Artemis_PDU/production/_ext/974488028/tasks.o
 .comment       0x00000053       0x54 build/Artemis_PDU/production/_ext/246609638/port.o
 .comment       0x00000053       0x54 build/Artemis_PDU/production/_ext/1665200909/heap_1.o
 .comment       0x00000053       0x54 build/Artemis_PDU/production/_ext/404212886/list.o
 .comment       0x00000053       0x54 build/Artemis_PDU/production/_ext/404212886/queue.o
 .comment       0x00000053       0x54 build/Artemis_PDU/production/_ext/404212886/FreeRTOS_tasks.o
 .comment       0x00000053       0x54 build/Artemis_PDU/production/_ext/1360937237/main.o
 .comment       0x00000053       0x54 build/Artemis_PDU/production/_ext/1360937237/app.o
 .comment       0x00000053       0x54 c:/program files/microchip/xc32/v4.00/bin/bin/../../lib/gcc/pic32c/8.3.1/../../../../pic32c/lib/thumb/v7e-m+fp/hard\libpic32c.a(data_init.o)
 .comment       0x00000053       0x54 c:/program files/microchip/xc32/v4.00/bin/bin/../../lib/gcc/pic32c/8.3.1/../../../../pic32c/lib/thumb/v7e-m+fp/hard\libc-musl.a(__libc_start_main.o)
 .comment       0x00000053       0x54 c:/program files/microchip/xc32/v4.00/bin/bin/../../lib/gcc/pic32c/8.3.1/../../../../pic32c/lib/thumb/v7e-m+fp/hard\libc-musl.a(libc.o)
 .comment       0x00000053       0x54 c:/program files/microchip/xc32/v4.00/bin/bin/../../lib/gcc/pic32c/8.3.1/../../../../pic32c/lib/thumb/v7e-m+fp/hard\libc-musl.a(memcmp.o)
 .comment       0x00000053       0x54 c:/program files/microchip/xc32/v4.00/bin/bin/../../lib/gcc/pic32c/8.3.1/../../../../pic32c/lib/thumb/v7e-m+fp/hard\libc-musl.a(memcpy.o)
 .comment       0x00000053       0x54 c:/program files/microchip/xc32/v4.00/bin/bin/../../lib/gcc/pic32c/8.3.1/../../../../pic32c/lib/thumb/v7e-m+fp/hard\libc-musl.a(memset.o)
 .comment       0x00000053       0x54 c:/program files/microchip/xc32/v4.00/bin/bin/../../lib/gcc/pic32c/8.3.1/../../../../pic32c/lib/thumb/v7e-m+fp/hard\libc-musl.a(strlen.o)
 .comment       0x00000053       0x54 c:/program files/microchip/xc32/v4.00/bin/bin/../../lib/gcc/pic32c/8.3.1/../../../../pic32c/lib/thumb/v7e-m+fp/hard\libc-musl.a(strstr.o)
 .comment       0x00000053       0x54 c:/program files/microchip/xc32/v4.00/bin/bin/../../lib/gcc/pic32c/8.3.1/../../../../pic32c/lib/thumb/v7e-m+fp/hard\libc-musl.a(__environ.o)
 .comment       0x00000053       0x54 c:/program files/microchip/xc32/v4.00/bin/bin/../../lib/gcc/pic32c/8.3.1/thumb/v7e-m+fp/hard\libgcc.a(_udivmoddi4.o)

.debug_info     0x00000000    0x3c1e0
 .debug_info    0x00000000     0x4dfa build/Artemis_PDU/production/_ext/1760076532/drv_sdspi.o
 .debug_info    0x00004dfa      0xc99 build/Artemis_PDU/production/_ext/1760076532/drv_sdspi_file_system.o
 .debug_info    0x00005a93     0x2424 build/Artemis_PDU/production/_ext/1760076532/drv_sdspi_driver_interface.o
 .debug_info    0x00007eb7     0x2949 build/Artemis_PDU/production/_ext/1471363227/drv_spi.o
 .debug_info    0x0000a800      0xbf4 build/Artemis_PDU/production/_ext/1624425958/osal_freertos.o
 .debug_info    0x0000b3f4      0xbb4 build/Artemis_PDU/production/_ext/1650922938/plib_clock.o
 .debug_info    0x0000bfa8      0x371 build/Artemis_PDU/production/_ext/1648773452/plib_evsys.o
 .debug_info    0x0000c319     0x1724 build/Artemis_PDU/production/_ext/1022749782/plib_nvic.o
 .debug_info    0x0000da3d      0xd77 build/Artemis_PDU/production/_ext/236948536/plib_nvmctrl.o
 .debug_info    0x0000e7b4     0x1000 build/Artemis_PDU/production/_ext/1022696631/plib_port.o
 .debug_info    0x0000f7b4     0x103a build/Artemis_PDU/production/_ext/659748505/plib_rtc_timer.o
 .debug_info    0x000107ee     0x1467 build/Artemis_PDU/production/_ext/835284660/plib_sercom4_i2c_slave.o
 .debug_info    0x00011c55     0x14fa build/Artemis_PDU/production/_ext/796654533/plib_sercom2_spi_master.o
 .debug_info    0x0001314f     0x1571 build/Artemis_PDU/production/_ext/1679430495/plib_sercom3_usart.o
 .debug_info    0x000146c0     0x6a45 build/Artemis_PDU/production/_ext/401857885/ff.o
 .debug_info    0x0001b105      0x60e build/Artemis_PDU/production/_ext/401857885/ffunicode.o
 .debug_info    0x0001b713      0xfdd build/Artemis_PDU/production/_ext/867183764/diskio.o
 .debug_info    0x0001c6f0     0x427d build/Artemis_PDU/production/_ext/1111598889/sys_fs.o
 .debug_info    0x0002096d     0x250c build/Artemis_PDU/production/_ext/1111598889/sys_fs_media_manager.o
 .debug_info    0x00022e79     0x24db build/Artemis_PDU/production/_ext/1111598889/sys_fs_fat_interface.o
 .debug_info    0x00025354     0x11da build/Artemis_PDU/production/_ext/1813730513/sys_int.o
 .debug_info    0x0002652e     0x2d77 build/Artemis_PDU/production/_ext/1304864151/sys_time.o
 .debug_info    0x000292a5     0x335e build/Artemis_PDU/production/_ext/974488028/initialization.o
 .debug_info    0x0002c603     0x1ad8 build/Artemis_PDU/production/_ext/974488028/interrupts.o
 .debug_info    0x0002e0db      0x62c build/Artemis_PDU/production/_ext/974488028/exceptions.o
 .debug_info    0x0002e707      0x958 build/Artemis_PDU/production/_ext/974488028/startup_xc32.o
 .debug_info    0x0002f05f      0x556 build/Artemis_PDU/production/_ext/974488028/freertos_hooks.o
 .debug_info    0x0002f5b5      0x9bd build/Artemis_PDU/production/_ext/974488028/tasks.o
 .debug_info    0x0002ff72      0x7ad build/Artemis_PDU/production/_ext/246609638/port.o
 .debug_info    0x0003071f      0x52d build/Artemis_PDU/production/_ext/1665200909/heap_1.o
 .debug_info    0x00030c4c      0x65a build/Artemis_PDU/production/_ext/404212886/list.o
 .debug_info    0x000312a6     0x216c build/Artemis_PDU/production/_ext/404212886/queue.o
 .debug_info    0x00033412     0x2e93 build/Artemis_PDU/production/_ext/404212886/FreeRTOS_tasks.o
 .debug_info    0x000362a5      0x57f build/Artemis_PDU/production/_ext/1360937237/main.o
 .debug_info    0x00036824     0x15cd build/Artemis_PDU/production/_ext/1360937237/app.o
 .debug_info    0x00037df1      0x2db c:/program files/microchip/xc32/v4.00/bin/bin/../../lib/gcc/pic32c/8.3.1/../../../../pic32c/lib/thumb/v7e-m+fp/hard\libpic32c.a(data_init.o)
 .debug_info    0x000380cc      0x6b3 c:/program files/microchip/xc32/v4.00/bin/bin/../../lib/gcc/pic32c/8.3.1/../../../../pic32c/lib/thumb/v7e-m+fp/hard\libc-musl.a(__libc_start_main.o)
 .debug_info    0x0003877f      0x5df c:/program files/microchip/xc32/v4.00/bin/bin/../../lib/gcc/pic32c/8.3.1/../../../../pic32c/lib/thumb/v7e-m+fp/hard\libc-musl.a(libc.o)
 .debug_info    0x00038d5e      0x309 c:/program files/microchip/xc32/v4.00/bin/bin/../../lib/gcc/pic32c/8.3.1/../../../../pic32c/lib/thumb/v7e-m+fp/hard\libc-musl.a(memcmp.o)
 .debug_info    0x00039067      0x31e c:/program files/microchip/xc32/v4.00/bin/bin/../../lib/gcc/pic32c/8.3.1/../../../../pic32c/lib/thumb/v7e-m+fp/hard\libc-musl.a(memcpy.o)
 .debug_info    0x00039385      0x2dc c:/program files/microchip/xc32/v4.00/bin/bin/../../lib/gcc/pic32c/8.3.1/../../../../pic32c/lib/thumb/v7e-m+fp/hard\libc-musl.a(memset.o)
 .debug_info    0x00039661      0x2cd c:/program files/microchip/xc32/v4.00/bin/bin/../../lib/gcc/pic32c/8.3.1/../../../../pic32c/lib/thumb/v7e-m+fp/hard\libc-musl.a(strlen.o)
 .debug_info    0x0003992e      0x2e6 c:/program files/microchip/xc32/v4.00/bin/bin/../../lib/gcc/pic32c/8.3.1/../../../../pic32c/lib/thumb/v7e-m+fp/hard\libc-musl.a(strstr.o)
 .debug_info    0x00039c14      0x596 c:/program files/microchip/xc32/v4.00/bin/bin/../../lib/gcc/pic32c/8.3.1/../../../../pic32c/lib/thumb/v7e-m+fp/hard\libc-musl.a(__environ.o)
 .debug_info    0x0003a1aa       0x26 c:/program files/microchip/xc32/v4.00/bin/bin/../../lib/gcc/pic32c/8.3.1/thumb/v7e-m+fp/hard\libgcc.a(_aeabi_uldivmod.o)
 .debug_info    0x0003a1d0     0x1fea c:/program files/microchip/xc32/v4.00/bin/bin/../../lib/gcc/pic32c/8.3.1/thumb/v7e-m+fp/hard\libgcc.a(_udivmoddi4.o)
 .debug_info    0x0003c1ba       0x26 c:/program files/microchip/xc32/v4.00/bin/bin/../../lib/gcc/pic32c/8.3.1/thumb/v7e-m+fp/hard\libgcc.a(_dvmd_tls.o)

.debug_abbrev   0x00000000     0x609a
 .debug_abbrev  0x00000000      0x5a2 build/Artemis_PDU/production/_ext/1760076532/drv_sdspi.o
 .debug_abbrev  0x000005a2      0x176 build/Artemis_PDU/production/_ext/1760076532/drv_sdspi_file_system.o
 .debug_abbrev  0x00000718      0x279 build/Artemis_PDU/production/_ext/1760076532/drv_sdspi_driver_interface.o
 .debug_abbrev  0x00000991      0x46f build/Artemis_PDU/production/_ext/1471363227/drv_spi.o
 .debug_abbrev  0x00000e00      0x204 build/Artemis_PDU/production/_ext/1624425958/osal_freertos.o
 .debug_abbrev  0x00001004      0x135 build/Artemis_PDU/production/_ext/1650922938/plib_clock.o
 .debug_abbrev  0x00001139       0x64 build/Artemis_PDU/production/_ext/1648773452/plib_evsys.o
 .debug_abbrev  0x0000119d      0x206 build/Artemis_PDU/production/_ext/1022749782/plib_nvic.o
 .debug_abbrev  0x000013a3      0x25f build/Artemis_PDU/production/_ext/236948536/plib_nvmctrl.o
 .debug_abbrev  0x00001602      0x1e9 build/Artemis_PDU/production/_ext/1022696631/plib_port.o
 .debug_abbrev  0x000017eb      0x1fb build/Artemis_PDU/production/_ext/659748505/plib_rtc_timer.o
 .debug_abbrev  0x000019e6      0x22e build/Artemis_PDU/production/_ext/835284660/plib_sercom4_i2c_slave.o
 .debug_abbrev  0x00001c14      0x2ad build/Artemis_PDU/production/_ext/796654533/plib_sercom2_spi_master.o
 .debug_abbrev  0x00001ec1      0x2b4 build/Artemis_PDU/production/_ext/1679430495/plib_sercom3_usart.o
 .debug_abbrev  0x00002175      0x3f3 build/Artemis_PDU/production/_ext/401857885/ff.o
 .debug_abbrev  0x00002568      0x155 build/Artemis_PDU/production/_ext/401857885/ffunicode.o
 .debug_abbrev  0x000026bd      0x315 build/Artemis_PDU/production/_ext/867183764/diskio.o
 .debug_abbrev  0x000029d2      0x4e0 build/Artemis_PDU/production/_ext/1111598889/sys_fs.o
 .debug_abbrev  0x00002eb2      0x500 build/Artemis_PDU/production/_ext/1111598889/sys_fs_media_manager.o
 .debug_abbrev  0x000033b2      0x337 build/Artemis_PDU/production/_ext/1111598889/sys_fs_fat_interface.o
 .debug_abbrev  0x000036e9      0x253 build/Artemis_PDU/production/_ext/1813730513/sys_int.o
 .debug_abbrev  0x0000393c      0x57c build/Artemis_PDU/production/_ext/1304864151/sys_time.o
 .debug_abbrev  0x00003eb8      0x2ad build/Artemis_PDU/production/_ext/974488028/initialization.o
 .debug_abbrev  0x00004165      0x11a build/Artemis_PDU/production/_ext/974488028/interrupts.o
 .debug_abbrev  0x0000427f       0xec build/Artemis_PDU/production/_ext/974488028/exceptions.o
 .debug_abbrev  0x0000436b      0x209 build/Artemis_PDU/production/_ext/974488028/startup_xc32.o
 .debug_abbrev  0x00004574      0x14e build/Artemis_PDU/production/_ext/974488028/freertos_hooks.o
 .debug_abbrev  0x000046c2      0x189 build/Artemis_PDU/production/_ext/974488028/tasks.o
 .debug_abbrev  0x0000484b      0x226 build/Artemis_PDU/production/_ext/246609638/port.o
 .debug_abbrev  0x00004a71      0x16c build/Artemis_PDU/production/_ext/1665200909/heap_1.o
 .debug_abbrev  0x00004bdd      0x15e build/Artemis_PDU/production/_ext/404212886/list.o
 .debug_abbrev  0x00004d3b      0x399 build/Artemis_PDU/production/_ext/404212886/queue.o
 .debug_abbrev  0x000050d4      0x466 build/Artemis_PDU/production/_ext/404212886/FreeRTOS_tasks.o
 .debug_abbrev  0x0000553a      0x125 build/Artemis_PDU/production/_ext/1360937237/main.o
 .debug_abbrev  0x0000565f      0x2b5 build/Artemis_PDU/production/_ext/1360937237/app.o
 .debug_abbrev  0x00005914       0x2e c:/program files/microchip/xc32/v4.00/bin/bin/../../lib/gcc/pic32c/8.3.1/../../../../pic32c/lib/thumb/v7e-m+fp/hard\libpic32c.a(data_init.o)
 .debug_abbrev  0x00005942      0x126 c:/program files/microchip/xc32/v4.00/bin/bin/../../lib/gcc/pic32c/8.3.1/../../../../pic32c/lib/thumb/v7e-m+fp/hard\libc-musl.a(__libc_start_main.o)
 .debug_abbrev  0x00005a68       0xc7 c:/program files/microchip/xc32/v4.00/bin/bin/../../lib/gcc/pic32c/8.3.1/../../../../pic32c/lib/thumb/v7e-m+fp/hard\libc-musl.a(libc.o)
 .debug_abbrev  0x00005b2f       0x8b c:/program files/microchip/xc32/v4.00/bin/bin/../../lib/gcc/pic32c/8.3.1/../../../../pic32c/lib/thumb/v7e-m+fp/hard\libc-musl.a(memcmp.o)
 .debug_abbrev  0x00005bba       0x9c c:/program files/microchip/xc32/v4.00/bin/bin/../../lib/gcc/pic32c/8.3.1/../../../../pic32c/lib/thumb/v7e-m+fp/hard\libc-musl.a(memcpy.o)
 .debug_abbrev  0x00005c56       0x97 c:/program files/microchip/xc32/v4.00/bin/bin/../../lib/gcc/pic32c/8.3.1/../../../../pic32c/lib/thumb/v7e-m+fp/hard\libc-musl.a(memset.o)
 .debug_abbrev  0x00005ced       0x86 c:/program files/microchip/xc32/v4.00/bin/bin/../../lib/gcc/pic32c/8.3.1/../../../../pic32c/lib/thumb/v7e-m+fp/hard\libc-musl.a(strlen.o)
 .debug_abbrev  0x00005d73       0xa6 c:/program files/microchip/xc32/v4.00/bin/bin/../../lib/gcc/pic32c/8.3.1/../../../../pic32c/lib/thumb/v7e-m+fp/hard\libc-musl.a(strstr.o)
 .debug_abbrev  0x00005e19       0xc7 c:/program files/microchip/xc32/v4.00/bin/bin/../../lib/gcc/pic32c/8.3.1/../../../../pic32c/lib/thumb/v7e-m+fp/hard\libc-musl.a(__environ.o)
 .debug_abbrev  0x00005ee0       0x14 c:/program files/microchip/xc32/v4.00/bin/bin/../../lib/gcc/pic32c/8.3.1/thumb/v7e-m+fp/hard\libgcc.a(_aeabi_uldivmod.o)
 .debug_abbrev  0x00005ef4      0x192 c:/program files/microchip/xc32/v4.00/bin/bin/../../lib/gcc/pic32c/8.3.1/thumb/v7e-m+fp/hard\libgcc.a(_udivmoddi4.o)
 .debug_abbrev  0x00006086       0x14 c:/program files/microchip/xc32/v4.00/bin/bin/../../lib/gcc/pic32c/8.3.1/thumb/v7e-m+fp/hard\libgcc.a(_dvmd_tls.o)

.debug_loc      0x00000000    0x1ff26
 .debug_loc     0x00000000     0x227e build/Artemis_PDU/production/_ext/1760076532/drv_sdspi.o
 .debug_loc     0x0000227e       0x45 build/Artemis_PDU/production/_ext/1760076532/drv_sdspi_file_system.o
 .debug_loc     0x000022c3      0x852 build/Artemis_PDU/production/_ext/1760076532/drv_sdspi_driver_interface.o
 .debug_loc     0x00002b15     0x1042 build/Artemis_PDU/production/_ext/1471363227/drv_spi.o
 .debug_loc     0x00003b57      0x727 build/Artemis_PDU/production/_ext/1624425958/osal_freertos.o
 .debug_loc     0x0000427e      0x302 build/Artemis_PDU/production/_ext/1022749782/plib_nvic.o
 .debug_loc     0x00004580      0x5a2 build/Artemis_PDU/production/_ext/236948536/plib_nvmctrl.o
 .debug_loc     0x00004b22      0x1e8 build/Artemis_PDU/production/_ext/1022696631/plib_port.o
 .debug_loc     0x00004d0a       0xb4 build/Artemis_PDU/production/_ext/659748505/plib_rtc_timer.o
 .debug_loc     0x00004dbe       0xe8 build/Artemis_PDU/production/_ext/835284660/plib_sercom4_i2c_slave.o
 .debug_loc     0x00004ea6      0x640 build/Artemis_PDU/production/_ext/796654533/plib_sercom2_spi_master.o
 .debug_loc     0x000054e6      0x7d8 build/Artemis_PDU/production/_ext/1679430495/plib_sercom3_usart.o
 .debug_loc     0x00005cbe     0xa363 build/Artemis_PDU/production/_ext/401857885/ff.o
 .debug_loc     0x00010021      0x575 build/Artemis_PDU/production/_ext/401857885/ffunicode.o
 .debug_loc     0x00010596      0x58b build/Artemis_PDU/production/_ext/867183764/diskio.o
 .debug_loc     0x00010b21     0x4c3c build/Artemis_PDU/production/_ext/1111598889/sys_fs.o
 .debug_loc     0x0001575d     0x1696 build/Artemis_PDU/production/_ext/1111598889/sys_fs_media_manager.o
 .debug_loc     0x00016df3     0x1c60 build/Artemis_PDU/production/_ext/1111598889/sys_fs_fat_interface.o
 .debug_loc     0x00018a53      0x182 build/Artemis_PDU/production/_ext/1813730513/sys_int.o
 .debug_loc     0x00018bd5     0x20e5 build/Artemis_PDU/production/_ext/1304864151/sys_time.o
 .debug_loc     0x0001acba       0x45 build/Artemis_PDU/production/_ext/974488028/initialization.o
 .debug_loc     0x0001acff       0x60 build/Artemis_PDU/production/_ext/974488028/startup_xc32.o
 .debug_loc     0x0001ad5f       0x82 build/Artemis_PDU/production/_ext/974488028/freertos_hooks.o
 .debug_loc     0x0001ade1      0x107 build/Artemis_PDU/production/_ext/974488028/tasks.o
 .debug_loc     0x0001aee8      0x13a build/Artemis_PDU/production/_ext/246609638/port.o
 .debug_loc     0x0001b022      0x116 build/Artemis_PDU/production/_ext/1665200909/heap_1.o
 .debug_loc     0x0001b138       0xb2 build/Artemis_PDU/production/_ext/404212886/list.o
 .debug_loc     0x0001b1ea     0x16e4 build/Artemis_PDU/production/_ext/404212886/queue.o
 .debug_loc     0x0001c8ce     0x212d build/Artemis_PDU/production/_ext/404212886/FreeRTOS_tasks.o
 .debug_loc     0x0001e9fb       0x20 build/Artemis_PDU/production/_ext/1360937237/main.o
 .debug_loc     0x0001ea1b      0x17f build/Artemis_PDU/production/_ext/1360937237/app.o
 .debug_loc     0x0001eb9a       0x14 c:/program files/microchip/xc32/v4.00/bin/bin/../../lib/gcc/pic32c/8.3.1/../../../../pic32c/lib/thumb/v7e-m+fp/hard\libpic32c.a(data_init.o)
 .debug_loc     0x0001ebae       0x51 c:/program files/microchip/xc32/v4.00/bin/bin/../../lib/gcc/pic32c/8.3.1/../../../../pic32c/lib/thumb/v7e-m+fp/hard\libc-musl.a(__libc_start_main.o)
 .debug_loc     0x0001ebff      0x10c c:/program files/microchip/xc32/v4.00/bin/bin/../../lib/gcc/pic32c/8.3.1/../../../../pic32c/lib/thumb/v7e-m+fp/hard\libc-musl.a(memcmp.o)
 .debug_loc     0x0001ed0b       0xba c:/program files/microchip/xc32/v4.00/bin/bin/../../lib/gcc/pic32c/8.3.1/../../../../pic32c/lib/thumb/v7e-m+fp/hard\libc-musl.a(memcpy.o)
 .debug_loc     0x0001edc5       0x56 c:/program files/microchip/xc32/v4.00/bin/bin/../../lib/gcc/pic32c/8.3.1/../../../../pic32c/lib/thumb/v7e-m+fp/hard\libc-musl.a(memset.o)
 .debug_loc     0x0001ee1b       0x47 c:/program files/microchip/xc32/v4.00/bin/bin/../../lib/gcc/pic32c/8.3.1/../../../../pic32c/lib/thumb/v7e-m+fp/hard\libc-musl.a(strlen.o)
 .debug_loc     0x0001ee62       0x83 c:/program files/microchip/xc32/v4.00/bin/bin/../../lib/gcc/pic32c/8.3.1/../../../../pic32c/lib/thumb/v7e-m+fp/hard\libc-musl.a(strstr.o)
 .debug_loc     0x0001eee5     0x1041 c:/program files/microchip/xc32/v4.00/bin/bin/../../lib/gcc/pic32c/8.3.1/thumb/v7e-m+fp/hard\libgcc.a(_udivmoddi4.o)

.debug_aranges  0x00000000     0x1378
 .debug_aranges
                0x00000000       0xb8 build/Artemis_PDU/production/_ext/1760076532/drv_sdspi.o
 .debug_aranges
                0x000000b8       0x20 build/Artemis_PDU/production/_ext/1760076532/drv_sdspi_file_system.o
 .debug_aranges
                0x000000d8       0x80 build/Artemis_PDU/production/_ext/1760076532/drv_sdspi_driver_interface.o
 .debug_aranges
                0x00000158       0x70 build/Artemis_PDU/production/_ext/1471363227/drv_spi.o
 .debug_aranges
                0x000001c8       0x90 build/Artemis_PDU/production/_ext/1624425958/osal_freertos.o
 .debug_aranges
                0x00000258       0x20 build/Artemis_PDU/production/_ext/1650922938/plib_clock.o
 .debug_aranges
                0x00000278       0x20 build/Artemis_PDU/production/_ext/1648773452/plib_evsys.o
 .debug_aranges
                0x00000298       0x38 build/Artemis_PDU/production/_ext/1022749782/plib_nvic.o
 .debug_aranges
                0x000002d0       0xc0 build/Artemis_PDU/production/_ext/236948536/plib_nvmctrl.o
 .debug_aranges
                0x00000390       0x70 build/Artemis_PDU/production/_ext/1022696631/plib_port.o
 .debug_aranges
                0x00000400       0xa0 build/Artemis_PDU/production/_ext/659748505/plib_rtc_timer.o
 .debug_aranges
                0x000004a0       0x68 build/Artemis_PDU/production/_ext/835284660/plib_sercom4_i2c_slave.o
 .debug_aranges
                0x00000508       0x60 build/Artemis_PDU/production/_ext/796654533/plib_sercom2_spi_master.o
 .debug_aranges
                0x00000568       0x98 build/Artemis_PDU/production/_ext/1679430495/plib_sercom3_usart.o
 .debug_aranges
                0x00000600      0x220 build/Artemis_PDU/production/_ext/401857885/ff.o
 .debug_aranges
                0x00000820       0x30 build/Artemis_PDU/production/_ext/401857885/ffunicode.o
 .debug_aranges
                0x00000850       0x58 build/Artemis_PDU/production/_ext/867183764/diskio.o
 .debug_aranges
                0x000008a8      0x170 build/Artemis_PDU/production/_ext/1111598889/sys_fs.o
 .debug_aranges
                0x00000a18       0x98 build/Artemis_PDU/production/_ext/1111598889/sys_fs_media_manager.o
 .debug_aranges
                0x00000ab0      0x130 build/Artemis_PDU/production/_ext/1111598889/sys_fs_fat_interface.o
 .debug_aranges
                0x00000be0       0x40 build/Artemis_PDU/production/_ext/1813730513/sys_int.o
 .debug_aranges
                0x00000c20      0x108 build/Artemis_PDU/production/_ext/1304864151/sys_time.o
 .debug_aranges
                0x00000d28       0x20 build/Artemis_PDU/production/_ext/974488028/initialization.o
 .debug_aranges
                0x00000d48       0x20 build/Artemis_PDU/production/_ext/974488028/interrupts.o
 .debug_aranges
                0x00000d68       0x48 build/Artemis_PDU/production/_ext/974488028/exceptions.o
 .debug_aranges
                0x00000db0       0x28 build/Artemis_PDU/production/_ext/974488028/startup_xc32.o
 .debug_aranges
                0x00000dd8       0x40 build/Artemis_PDU/production/_ext/974488028/freertos_hooks.o
 .debug_aranges
                0x00000e18       0x38 build/Artemis_PDU/production/_ext/974488028/tasks.o
 .debug_aranges
                0x00000e50       0x78 build/Artemis_PDU/production/_ext/246609638/port.o
 .debug_aranges
                0x00000ec8       0x38 build/Artemis_PDU/production/_ext/1665200909/heap_1.o
 .debug_aranges
                0x00000f00       0x40 build/Artemis_PDU/production/_ext/404212886/list.o
 .debug_aranges
                0x00000f40       0xc8 build/Artemis_PDU/production/_ext/404212886/queue.o
 .debug_aranges
                0x00001008      0x178 build/Artemis_PDU/production/_ext/404212886/FreeRTOS_tasks.o
 .debug_aranges
                0x00001180       0x20 build/Artemis_PDU/production/_ext/1360937237/main.o
 .debug_aranges
                0x000011a0       0x60 build/Artemis_PDU/production/_ext/1360937237/app.o
 .debug_aranges
                0x00001200       0x20 c:/program files/microchip/xc32/v4.00/bin/bin/../../lib/gcc/pic32c/8.3.1/../../../../pic32c/lib/thumb/v7e-m+fp/hard\libpic32c.a(data_init.o)
 .debug_aranges
                0x00001220       0x28 c:/program files/microchip/xc32/v4.00/bin/bin/../../lib/gcc/pic32c/8.3.1/../../../../pic32c/lib/thumb/v7e-m+fp/hard\libc-musl.a(__libc_start_main.o)
 .debug_aranges
                0x00001248       0x18 c:/program files/microchip/xc32/v4.00/bin/bin/../../lib/gcc/pic32c/8.3.1/../../../../pic32c/lib/thumb/v7e-m+fp/hard\libc-musl.a(libc.o)
 .debug_aranges
                0x00001260       0x20 c:/program files/microchip/xc32/v4.00/bin/bin/../../lib/gcc/pic32c/8.3.1/../../../../pic32c/lib/thumb/v7e-m+fp/hard\libc-musl.a(memcmp.o)
 .debug_aranges
                0x00001280       0x20 c:/program files/microchip/xc32/v4.00/bin/bin/../../lib/gcc/pic32c/8.3.1/../../../../pic32c/lib/thumb/v7e-m+fp/hard\libc-musl.a(memcpy.o)
 .debug_aranges
                0x000012a0       0x20 c:/program files/microchip/xc32/v4.00/bin/bin/../../lib/gcc/pic32c/8.3.1/../../../../pic32c/lib/thumb/v7e-m+fp/hard\libc-musl.a(memset.o)
 .debug_aranges
                0x000012c0       0x20 c:/program files/microchip/xc32/v4.00/bin/bin/../../lib/gcc/pic32c/8.3.1/../../../../pic32c/lib/thumb/v7e-m+fp/hard\libc-musl.a(strlen.o)
 .debug_aranges
                0x000012e0       0x20 c:/program files/microchip/xc32/v4.00/bin/bin/../../lib/gcc/pic32c/8.3.1/../../../../pic32c/lib/thumb/v7e-m+fp/hard\libc-musl.a(strstr.o)
 .debug_aranges
                0x00001300       0x18 c:/program files/microchip/xc32/v4.00/bin/bin/../../lib/gcc/pic32c/8.3.1/../../../../pic32c/lib/thumb/v7e-m+fp/hard\libc-musl.a(__environ.o)
 .debug_aranges
                0x00001318       0x20 c:/program files/microchip/xc32/v4.00/bin/bin/../../lib/gcc/pic32c/8.3.1/thumb/v7e-m+fp/hard\libgcc.a(_aeabi_uldivmod.o)
 .debug_aranges
                0x00001338       0x20 c:/program files/microchip/xc32/v4.00/bin/bin/../../lib/gcc/pic32c/8.3.1/thumb/v7e-m+fp/hard\libgcc.a(_udivmoddi4.o)
 .debug_aranges
                0x00001358       0x20 c:/program files/microchip/xc32/v4.00/bin/bin/../../lib/gcc/pic32c/8.3.1/thumb/v7e-m+fp/hard\libgcc.a(_dvmd_tls.o)

.debug_ranges   0x00000000     0x1808
 .debug_ranges  0x00000000      0x228 build/Artemis_PDU/production/_ext/1760076532/drv_sdspi.o
 .debug_ranges  0x00000228       0x10 build/Artemis_PDU/production/_ext/1760076532/drv_sdspi_file_system.o
 .debug_ranges  0x00000238       0x70 build/Artemis_PDU/production/_ext/1760076532/drv_sdspi_driver_interface.o
 .debug_ranges  0x000002a8       0x78 build/Artemis_PDU/production/_ext/1471363227/drv_spi.o
 .debug_ranges  0x00000320       0x80 build/Artemis_PDU/production/_ext/1624425958/osal_freertos.o
 .debug_ranges  0x000003a0       0x10 build/Artemis_PDU/production/_ext/1650922938/plib_clock.o
 .debug_ranges  0x000003b0       0x10 build/Artemis_PDU/production/_ext/1648773452/plib_evsys.o
 .debug_ranges  0x000003c0       0x28 build/Artemis_PDU/production/_ext/1022749782/plib_nvic.o
 .debug_ranges  0x000003e8       0xb0 build/Artemis_PDU/production/_ext/236948536/plib_nvmctrl.o
 .debug_ranges  0x00000498       0x60 build/Artemis_PDU/production/_ext/1022696631/plib_port.o
 .debug_ranges  0x000004f8       0x90 build/Artemis_PDU/production/_ext/659748505/plib_rtc_timer.o
 .debug_ranges  0x00000588       0x70 build/Artemis_PDU/production/_ext/835284660/plib_sercom4_i2c_slave.o
 .debug_ranges  0x000005f8       0x50 build/Artemis_PDU/production/_ext/796654533/plib_sercom2_spi_master.o
 .debug_ranges  0x00000648       0x88 build/Artemis_PDU/production/_ext/1679430495/plib_sercom3_usart.o
 .debug_ranges  0x000006d0      0x420 build/Artemis_PDU/production/_ext/401857885/ff.o
 .debug_ranges  0x00000af0       0x20 build/Artemis_PDU/production/_ext/401857885/ffunicode.o
 .debug_ranges  0x00000b10       0x60 build/Artemis_PDU/production/_ext/867183764/diskio.o
 .debug_ranges  0x00000b70      0x178 build/Artemis_PDU/production/_ext/1111598889/sys_fs.o
 .debug_ranges  0x00000ce8      0x110 build/Artemis_PDU/production/_ext/1111598889/sys_fs_media_manager.o
 .debug_ranges  0x00000df8      0x120 build/Artemis_PDU/production/_ext/1111598889/sys_fs_fat_interface.o
 .debug_ranges  0x00000f18       0x30 build/Artemis_PDU/production/_ext/1813730513/sys_int.o
 .debug_ranges  0x00000f48      0x160 build/Artemis_PDU/production/_ext/1304864151/sys_time.o
 .debug_ranges  0x000010a8       0x10 build/Artemis_PDU/production/_ext/974488028/initialization.o
 .debug_ranges  0x000010b8       0x10 build/Artemis_PDU/production/_ext/974488028/interrupts.o
 .debug_ranges  0x000010c8       0x38 build/Artemis_PDU/production/_ext/974488028/exceptions.o
 .debug_ranges  0x00001100       0x18 build/Artemis_PDU/production/_ext/974488028/startup_xc32.o
 .debug_ranges  0x00001118       0x30 build/Artemis_PDU/production/_ext/974488028/freertos_hooks.o
 .debug_ranges  0x00001148       0x28 build/Artemis_PDU/production/_ext/974488028/tasks.o
 .debug_ranges  0x00001170       0x68 build/Artemis_PDU/production/_ext/246609638/port.o
 .debug_ranges  0x000011d8       0x28 build/Artemis_PDU/production/_ext/1665200909/heap_1.o
 .debug_ranges  0x00001200       0x30 build/Artemis_PDU/production/_ext/404212886/list.o
 .debug_ranges  0x00001230      0x180 build/Artemis_PDU/production/_ext/404212886/queue.o
 .debug_ranges  0x000013b0      0x280 build/Artemis_PDU/production/_ext/404212886/FreeRTOS_tasks.o
 .debug_ranges  0x00001630       0x10 build/Artemis_PDU/production/_ext/1360937237/main.o
 .debug_ranges  0x00001640       0x50 build/Artemis_PDU/production/_ext/1360937237/app.o
 .debug_ranges  0x00001690       0x10 c:/program files/microchip/xc32/v4.00/bin/bin/../../lib/gcc/pic32c/8.3.1/../../../../pic32c/lib/thumb/v7e-m+fp/hard\libpic32c.a(data_init.o)
 .debug_ranges  0x000016a0       0x40 c:/program files/microchip/xc32/v4.00/bin/bin/../../lib/gcc/pic32c/8.3.1/../../../../pic32c/lib/thumb/v7e-m+fp/hard\libc-musl.a(__libc_start_main.o)
 .debug_ranges  0x000016e0       0x10 c:/program files/microchip/xc32/v4.00/bin/bin/../../lib/gcc/pic32c/8.3.1/../../../../pic32c/lib/thumb/v7e-m+fp/hard\libc-musl.a(memcmp.o)
 .debug_ranges  0x000016f0       0x10 c:/program files/microchip/xc32/v4.00/bin/bin/../../lib/gcc/pic32c/8.3.1/../../../../pic32c/lib/thumb/v7e-m+fp/hard\libc-musl.a(memcpy.o)
 .debug_ranges  0x00001700       0x10 c:/program files/microchip/xc32/v4.00/bin/bin/../../lib/gcc/pic32c/8.3.1/../../../../pic32c/lib/thumb/v7e-m+fp/hard\libc-musl.a(memset.o)
 .debug_ranges  0x00001710       0x10 c:/program files/microchip/xc32/v4.00/bin/bin/../../lib/gcc/pic32c/8.3.1/../../../../pic32c/lib/thumb/v7e-m+fp/hard\libc-musl.a(strlen.o)
 .debug_ranges  0x00001720       0x10 c:/program files/microchip/xc32/v4.00/bin/bin/../../lib/gcc/pic32c/8.3.1/../../../../pic32c/lib/thumb/v7e-m+fp/hard\libc-musl.a(strstr.o)
 .debug_ranges  0x00001730       0xd8 c:/program files/microchip/xc32/v4.00/bin/bin/../../lib/gcc/pic32c/8.3.1/thumb/v7e-m+fp/hard\libgcc.a(_udivmoddi4.o)

.debug_line     0x00000000    0x14fc7
 .debug_line    0x00000000     0x1498 build/Artemis_PDU/production/_ext/1760076532/drv_sdspi.o
 .debug_line    0x00001498      0x1b8 build/Artemis_PDU/production/_ext/1760076532/drv_sdspi_file_system.o
 .debug_line    0x00001650      0x547 build/Artemis_PDU/production/_ext/1760076532/drv_sdspi_driver_interface.o
 .debug_line    0x00001b97      0xa1d build/Artemis_PDU/production/_ext/1471363227/drv_spi.o
 .debug_line    0x000025b4      0x44f build/Artemis_PDU/production/_ext/1624425958/osal_freertos.o
 .debug_line    0x00002a03      0x2e6 build/Artemis_PDU/production/_ext/1650922938/plib_clock.o
 .debug_line    0x00002ce9       0xeb build/Artemis_PDU/production/_ext/1648773452/plib_evsys.o
 .debug_line    0x00002dd4      0x4bb build/Artemis_PDU/production/_ext/1022749782/plib_nvic.o
 .debug_line    0x0000328f      0x4e0 build/Artemis_PDU/production/_ext/236948536/plib_nvmctrl.o
 .debug_line    0x0000376f      0x421 build/Artemis_PDU/production/_ext/1022696631/plib_port.o
 .debug_line    0x00003b90      0x3d7 build/Artemis_PDU/production/_ext/659748505/plib_rtc_timer.o
 .debug_line    0x00003f67      0x3f5 build/Artemis_PDU/production/_ext/835284660/plib_sercom4_i2c_slave.o
 .debug_line    0x0000435c      0x700 build/Artemis_PDU/production/_ext/796654533/plib_sercom2_spi_master.o
 .debug_line    0x00004a5c      0x62c build/Artemis_PDU/production/_ext/1679430495/plib_sercom3_usart.o
 .debug_line    0x00005088     0x4d7a build/Artemis_PDU/production/_ext/401857885/ff.o
 .debug_line    0x00009e02      0x2f4 build/Artemis_PDU/production/_ext/401857885/ffunicode.o
 .debug_line    0x0000a0f6      0x3c9 build/Artemis_PDU/production/_ext/867183764/diskio.o
 .debug_line    0x0000a4bf     0x26e9 build/Artemis_PDU/production/_ext/1111598889/sys_fs.o
 .debug_line    0x0000cba8      0xe0e build/Artemis_PDU/production/_ext/1111598889/sys_fs_media_manager.o
 .debug_line    0x0000d9b6      0x9a9 build/Artemis_PDU/production/_ext/1111598889/sys_fs_fat_interface.o
 .debug_line    0x0000e35f      0x2cb build/Artemis_PDU/production/_ext/1813730513/sys_int.o
 .debug_line    0x0000e62a      0xef8 build/Artemis_PDU/production/_ext/1304864151/sys_time.o
 .debug_line    0x0000f522      0x783 build/Artemis_PDU/production/_ext/974488028/initialization.o
 .debug_line    0x0000fca5      0x203 build/Artemis_PDU/production/_ext/974488028/interrupts.o
 .debug_line    0x0000fea8      0x24a build/Artemis_PDU/production/_ext/974488028/exceptions.o
 .debug_line    0x000100f2      0x270 build/Artemis_PDU/production/_ext/974488028/startup_xc32.o
 .debug_line    0x00010362      0x1e7 build/Artemis_PDU/production/_ext/974488028/freertos_hooks.o
 .debug_line    0x00010549      0x362 build/Artemis_PDU/production/_ext/974488028/tasks.o
 .debug_line    0x000108ab      0x368 build/Artemis_PDU/production/_ext/246609638/port.o
 .debug_line    0x00010c13      0x1dd build/Artemis_PDU/production/_ext/1665200909/heap_1.o
 .debug_line    0x00010df0      0x2d7 build/Artemis_PDU/production/_ext/404212886/list.o
 .debug_line    0x000110c7      0xe8e build/Artemis_PDU/production/_ext/404212886/queue.o
 .debug_line    0x00011f55     0x175d build/Artemis_PDU/production/_ext/404212886/FreeRTOS_tasks.o
 .debug_line    0x000136b2      0x1e0 build/Artemis_PDU/production/_ext/1360937237/main.o
 .debug_line    0x00013892      0x593 build/Artemis_PDU/production/_ext/1360937237/app.o
 .debug_line    0x00013e25      0x110 c:/program files/microchip/xc32/v4.00/bin/bin/../../lib/gcc/pic32c/8.3.1/../../../../pic32c/lib/thumb/v7e-m+fp/hard\libpic32c.a(data_init.o)
 .debug_line    0x00013f35      0x24c c:/program files/microchip/xc32/v4.00/bin/bin/../../lib/gcc/pic32c/8.3.1/../../../../pic32c/lib/thumb/v7e-m+fp/hard\libc-musl.a(__libc_start_main.o)
 .debug_line    0x00014181      0x132 c:/program files/microchip/xc32/v4.00/bin/bin/../../lib/gcc/pic32c/8.3.1/../../../../pic32c/lib/thumb/v7e-m+fp/hard\libc-musl.a(libc.o)
 .debug_line    0x000142b3       0xe7 c:/program files/microchip/xc32/v4.00/bin/bin/../../lib/gcc/pic32c/8.3.1/../../../../pic32c/lib/thumb/v7e-m+fp/hard\libc-musl.a(memcmp.o)
 .debug_line    0x0001439a       0xf2 c:/program files/microchip/xc32/v4.00/bin/bin/../../lib/gcc/pic32c/8.3.1/../../../../pic32c/lib/thumb/v7e-m+fp/hard\libc-musl.a(memcpy.o)
 .debug_line    0x0001448c       0xea c:/program files/microchip/xc32/v4.00/bin/bin/../../lib/gcc/pic32c/8.3.1/../../../../pic32c/lib/thumb/v7e-m+fp/hard\libc-musl.a(memset.o)
 .debug_line    0x00014576       0xe6 c:/program files/microchip/xc32/v4.00/bin/bin/../../lib/gcc/pic32c/8.3.1/../../../../pic32c/lib/thumb/v7e-m+fp/hard\libc-musl.a(strlen.o)
 .debug_line    0x0001465c      0x116 c:/program files/microchip/xc32/v4.00/bin/bin/../../lib/gcc/pic32c/8.3.1/../../../../pic32c/lib/thumb/v7e-m+fp/hard\libc-musl.a(strstr.o)
 .debug_line    0x00014772      0x19f c:/program files/microchip/xc32/v4.00/bin/bin/../../lib/gcc/pic32c/8.3.1/../../../../pic32c/lib/thumb/v7e-m+fp/hard\libc-musl.a(__environ.o)
 .debug_line    0x00014911       0x9c c:/program files/microchip/xc32/v4.00/bin/bin/../../lib/gcc/pic32c/8.3.1/thumb/v7e-m+fp/hard\libgcc.a(_aeabi_uldivmod.o)
 .debug_line    0x000149ad      0x57e c:/program files/microchip/xc32/v4.00/bin/bin/../../lib/gcc/pic32c/8.3.1/thumb/v7e-m+fp/hard\libgcc.a(_udivmoddi4.o)
 .debug_line    0x00014f2b       0x9c c:/program files/microchip/xc32/v4.00/bin/bin/../../lib/gcc/pic32c/8.3.1/thumb/v7e-m+fp/hard\libgcc.a(_dvmd_tls.o)

.debug_str      0x00000000     0x1a6f
 .debug_str     0x00000000      0x2b0 build/Artemis_PDU/production/_ext/1760076532/drv_sdspi.o
 .debug_str     0x000002b0       0x1e build/Artemis_PDU/production/_ext/1760076532/drv_sdspi_file_system.o
 .debug_str     0x000002ce       0xd0 build/Artemis_PDU/production/_ext/1760076532/drv_sdspi_driver_interface.o
 .debug_str     0x0000039e      0x10d build/Artemis_PDU/production/_ext/1471363227/drv_spi.o
 .debug_str     0x000004ab      0x13b build/Artemis_PDU/production/_ext/1624425958/osal_freertos.o
 .debug_str     0x000005e6       0x1e build/Artemis_PDU/production/_ext/1650922938/plib_clock.o
 .debug_str     0x00000604        0x0 build/Artemis_PDU/production/_ext/1648773452/plib_evsys.o
 .debug_str     0x00000604        0xa build/Artemis_PDU/production/_ext/1022749782/plib_nvic.o
 .debug_str     0x0000060e       0x1b build/Artemis_PDU/production/_ext/236948536/plib_nvmctrl.o
 .debug_str     0x00000629        0xb build/Artemis_PDU/production/_ext/1022696631/plib_port.o
 .debug_str     0x00000634      0x115 build/Artemis_PDU/production/_ext/659748505/plib_rtc_timer.o
 .debug_str     0x00000749      0x120 build/Artemis_PDU/production/_ext/835284660/plib_sercom4_i2c_slave.o
 .debug_str     0x00000869      0x149 build/Artemis_PDU/production/_ext/796654533/plib_sercom2_spi_master.o
 .debug_str     0x000009b2      0x123 build/Artemis_PDU/production/_ext/1679430495/plib_sercom3_usart.o
 .debug_str     0x00000ad5       0x80 build/Artemis_PDU/production/_ext/401857885/ff.o
 .debug_str     0x00000b55        0x0 build/Artemis_PDU/production/_ext/401857885/ffunicode.o
 .debug_str     0x00000b55       0xed build/Artemis_PDU/production/_ext/867183764/diskio.o
 .debug_str     0x00000c42      0x153 build/Artemis_PDU/production/_ext/1111598889/sys_fs.o
 .debug_str     0x00000d95       0xd2 build/Artemis_PDU/production/_ext/1111598889/sys_fs_media_manager.o
 .debug_str     0x00000e67       0x96 build/Artemis_PDU/production/_ext/1111598889/sys_fs_fat_interface.o
 .debug_str     0x00000efd       0x32 build/Artemis_PDU/production/_ext/1813730513/sys_int.o
 .debug_str     0x00000f2f       0xf4 build/Artemis_PDU/production/_ext/1304864151/sys_time.o
 .debug_str     0x00001023      0x15f build/Artemis_PDU/production/_ext/974488028/initialization.o
 .debug_str     0x00001182        0x0 build/Artemis_PDU/production/_ext/974488028/interrupts.o
 .debug_str     0x00001182        0x0 build/Artemis_PDU/production/_ext/974488028/exceptions.o
 .debug_str     0x00001182       0x2f build/Artemis_PDU/production/_ext/974488028/startup_xc32.o
 .debug_str     0x000011b1       0x25 build/Artemis_PDU/production/_ext/974488028/freertos_hooks.o
 .debug_str     0x000011d6       0x5f build/Artemis_PDU/production/_ext/974488028/tasks.o
 .debug_str     0x00001235       0x26 build/Artemis_PDU/production/_ext/246609638/port.o
 .debug_str     0x0000125b       0x3c build/Artemis_PDU/production/_ext/1665200909/heap_1.o
 .debug_str     0x00001297       0x2b build/Artemis_PDU/production/_ext/404212886/list.o
 .debug_str     0x000012c2      0x27f build/Artemis_PDU/production/_ext/404212886/queue.o
 .debug_str     0x00001541      0x275 build/Artemis_PDU/production/_ext/404212886/FreeRTOS_tasks.o
 .debug_str     0x000017b6       0x19 build/Artemis_PDU/production/_ext/1360937237/main.o
 .debug_str     0x000017cf       0xc0 build/Artemis_PDU/production/_ext/1360937237/app.o
 .debug_str     0x0000188f        0x0 c:/program files/microchip/xc32/v4.00/bin/bin/../../lib/gcc/pic32c/8.3.1/../../../../pic32c/lib/thumb/v7e-m+fp/hard\libpic32c.a(data_init.o)
 .debug_str     0x0000188f        0x0 c:/program files/microchip/xc32/v4.00/bin/bin/../../lib/gcc/pic32c/8.3.1/../../../../pic32c/lib/thumb/v7e-m+fp/hard\libc-musl.a(__libc_start_main.o)
 .debug_str     0x0000188f        0x0 c:/program files/microchip/xc32/v4.00/bin/bin/../../lib/gcc/pic32c/8.3.1/../../../../pic32c/lib/thumb/v7e-m+fp/hard\libc-musl.a(libc.o)
 .debug_str     0x0000188f        0x0 c:/program files/microchip/xc32/v4.00/bin/bin/../../lib/gcc/pic32c/8.3.1/../../../../pic32c/lib/thumb/v7e-m+fp/hard\libc-musl.a(memcmp.o)
 .debug_str     0x0000188f        0x0 c:/program files/microchip/xc32/v4.00/bin/bin/../../lib/gcc/pic32c/8.3.1/../../../../pic32c/lib/thumb/v7e-m+fp/hard\libc-musl.a(memcpy.o)
 .debug_str     0x0000188f        0x0 c:/program files/microchip/xc32/v4.00/bin/bin/../../lib/gcc/pic32c/8.3.1/../../../../pic32c/lib/thumb/v7e-m+fp/hard\libc-musl.a(memset.o)
 .debug_str     0x0000188f        0x0 c:/program files/microchip/xc32/v4.00/bin/bin/../../lib/gcc/pic32c/8.3.1/../../../../pic32c/lib/thumb/v7e-m+fp/hard\libc-musl.a(strlen.o)
 .debug_str     0x0000188f        0x0 c:/program files/microchip/xc32/v4.00/bin/bin/../../lib/gcc/pic32c/8.3.1/../../../../pic32c/lib/thumb/v7e-m+fp/hard\libc-musl.a(strstr.o)
 .debug_str     0x0000188f        0x0 c:/program files/microchip/xc32/v4.00/bin/bin/../../lib/gcc/pic32c/8.3.1/../../../../pic32c/lib/thumb/v7e-m+fp/hard\libc-musl.a(__environ.o)
 .debug_str     0x0000188f       0xee c:/program files/microchip/xc32/v4.00/bin/bin/../../lib/gcc/pic32c/8.3.1/thumb/v7e-m+fp/hard\libgcc.a(_aeabi_uldivmod.o)
 .debug_str     0x0000197d        0x0 c:/program files/microchip/xc32/v4.00/bin/bin/../../lib/gcc/pic32c/8.3.1/thumb/v7e-m+fp/hard\libgcc.a(_udivmoddi4.o)
 .debug_str     0x0000197d       0xf2 c:/program files/microchip/xc32/v4.00/bin/bin/../../lib/gcc/pic32c/8.3.1/thumb/v7e-m+fp/hard\libgcc.a(_dvmd_tls.o)

.debug_frame    0x00000000     0x3434
 .debug_frame   0x00000000      0x260 build/Artemis_PDU/production/_ext/1760076532/drv_sdspi.o
 .debug_frame   0x00000260       0x28 build/Artemis_PDU/production/_ext/1760076532/drv_sdspi_file_system.o
 .debug_frame   0x00000288      0x14c build/Artemis_PDU/production/_ext/1760076532/drv_sdspi_driver_interface.o
 .debug_frame   0x000003d4      0x160 build/Artemis_PDU/production/_ext/1471363227/drv_spi.o
 .debug_frame   0x00000534      0x180 build/Artemis_PDU/production/_ext/1624425958/osal_freertos.o
 .debug_frame   0x000006b4       0x20 build/Artemis_PDU/production/_ext/1650922938/plib_clock.o
 .debug_frame   0x000006d4       0x20 build/Artemis_PDU/production/_ext/1648773452/plib_evsys.o
 .debug_frame   0x000006f4       0x50 build/Artemis_PDU/production/_ext/1022749782/plib_nvic.o
 .debug_frame   0x00000744      0x19c build/Artemis_PDU/production/_ext/236948536/plib_nvmctrl.o
 .debug_frame   0x000008e0       0xd8 build/Artemis_PDU/production/_ext/1022696631/plib_port.o
 .debug_frame   0x000009b8      0x128 build/Artemis_PDU/production/_ext/659748505/plib_rtc_timer.o
 .debug_frame   0x00000ae0       0xbc build/Artemis_PDU/production/_ext/835284660/plib_sercom4_i2c_slave.o
 .debug_frame   0x00000b9c       0xdc build/Artemis_PDU/production/_ext/796654533/plib_sercom2_spi_master.o
 .debug_frame   0x00000c78      0x15c build/Artemis_PDU/production/_ext/1679430495/plib_sercom3_usart.o
 .debug_frame   0x00000dd4      0x8f0 build/Artemis_PDU/production/_ext/401857885/ff.o
 .debug_frame   0x000016c4       0x5c build/Artemis_PDU/production/_ext/401857885/ffunicode.o
 .debug_frame   0x00001720       0xd0 build/Artemis_PDU/production/_ext/867183764/diskio.o
 .debug_frame   0x000017f0      0x5c0 build/Artemis_PDU/production/_ext/1111598889/sys_fs.o
 .debug_frame   0x00001db0      0x1e0 build/Artemis_PDU/production/_ext/1111598889/sys_fs_media_manager.o
 .debug_frame   0x00001f90      0x36c build/Artemis_PDU/production/_ext/1111598889/sys_fs_fat_interface.o
 .debug_frame   0x000022fc       0x84 build/Artemis_PDU/production/_ext/1813730513/sys_int.o
 .debug_frame   0x00002380      0x380 build/Artemis_PDU/production/_ext/1304864151/sys_time.o
 .debug_frame   0x00002700       0x28 build/Artemis_PDU/production/_ext/974488028/initialization.o
 .debug_frame   0x00002728       0x20 build/Artemis_PDU/production/_ext/974488028/interrupts.o
 .debug_frame   0x00002748       0x70 build/Artemis_PDU/production/_ext/974488028/exceptions.o
 .debug_frame   0x000027b8       0x38 build/Artemis_PDU/production/_ext/974488028/startup_xc32.o
 .debug_frame   0x000027f0       0x6c build/Artemis_PDU/production/_ext/974488028/freertos_hooks.o
 .debug_frame   0x0000285c       0x7c build/Artemis_PDU/production/_ext/974488028/tasks.o
 .debug_frame   0x000028d8       0xe8 build/Artemis_PDU/production/_ext/246609638/port.o
 .debug_frame   0x000029c0       0x5c build/Artemis_PDU/production/_ext/1665200909/heap_1.o
 .debug_frame   0x00002a1c       0x6c build/Artemis_PDU/production/_ext/404212886/list.o
 .debug_frame   0x00002a88      0x280 build/Artemis_PDU/production/_ext/404212886/queue.o
 .debug_frame   0x00002d08      0x478 build/Artemis_PDU/production/_ext/404212886/FreeRTOS_tasks.o
 .debug_frame   0x00003180       0x28 build/Artemis_PDU/production/_ext/1360937237/main.o
 .debug_frame   0x000031a8       0xf4 build/Artemis_PDU/production/_ext/1360937237/app.o
 .debug_frame   0x0000329c       0x38 c:/program files/microchip/xc32/v4.00/bin/bin/../../lib/gcc/pic32c/8.3.1/../../../../pic32c/lib/thumb/v7e-m+fp/hard\libpic32c.a(data_init.o)
 .debug_frame   0x000032d4       0x3c c:/program files/microchip/xc32/v4.00/bin/bin/../../lib/gcc/pic32c/8.3.1/../../../../pic32c/lib/thumb/v7e-m+fp/hard\libc-musl.a(__libc_start_main.o)
 .debug_frame   0x00003310       0x2c c:/program files/microchip/xc32/v4.00/bin/bin/../../lib/gcc/pic32c/8.3.1/../../../../pic32c/lib/thumb/v7e-m+fp/hard\libc-musl.a(memcmp.o)
 .debug_frame   0x0000333c       0x28 c:/program files/microchip/xc32/v4.00/bin/bin/../../lib/gcc/pic32c/8.3.1/../../../../pic32c/lib/thumb/v7e-m+fp/hard\libc-musl.a(memcpy.o)
 .debug_frame   0x00003364       0x20 c:/program files/microchip/xc32/v4.00/bin/bin/../../lib/gcc/pic32c/8.3.1/../../../../pic32c/lib/thumb/v7e-m+fp/hard\libc-musl.a(memset.o)
 .debug_frame   0x00003384       0x20 c:/program files/microchip/xc32/v4.00/bin/bin/../../lib/gcc/pic32c/8.3.1/../../../../pic32c/lib/thumb/v7e-m+fp/hard\libc-musl.a(strlen.o)
 .debug_frame   0x000033a4       0x30 c:/program files/microchip/xc32/v4.00/bin/bin/../../lib/gcc/pic32c/8.3.1/../../../../pic32c/lib/thumb/v7e-m+fp/hard\libc-musl.a(strstr.o)
 .debug_frame   0x000033d4       0x2c c:/program files/microchip/xc32/v4.00/bin/bin/../../lib/gcc/pic32c/8.3.1/thumb/v7e-m+fp/hard\libgcc.a(_aeabi_uldivmod.o)
 .debug_frame   0x00003400       0x34 c:/program files/microchip/xc32/v4.00/bin/bin/../../lib/gcc/pic32c/8.3.1/thumb/v7e-m+fp/hard\libgcc.a(_udivmoddi4.o)

.note.GNU-stack
                0x00000000        0x0
 .note.GNU-stack
                0x00000000        0x0 c:/program files/microchip/xc32/v4.00/bin/bin/../../lib/gcc/pic32c/8.3.1/../../../../pic32c/lib/thumb/v7e-m+fp/hard\libc-musl.a(__libc_start_main.o)
 .note.GNU-stack
                0x00000000        0x0 c:/program files/microchip/xc32/v4.00/bin/bin/../../lib/gcc/pic32c/8.3.1/../../../../pic32c/lib/thumb/v7e-m+fp/hard\libc-musl.a(libc.o)
 .note.GNU-stack
                0x00000000        0x0 c:/program files/microchip/xc32/v4.00/bin/bin/../../lib/gcc/pic32c/8.3.1/../../../../pic32c/lib/thumb/v7e-m+fp/hard\libc-musl.a(memcmp.o)
 .note.GNU-stack
                0x00000000        0x0 c:/program files/microchip/xc32/v4.00/bin/bin/../../lib/gcc/pic32c/8.3.1/../../../../pic32c/lib/thumb/v7e-m+fp/hard\libc-musl.a(memcpy.o)
 .note.GNU-stack
                0x00000000        0x0 c:/program files/microchip/xc32/v4.00/bin/bin/../../lib/gcc/pic32c/8.3.1/../../../../pic32c/lib/thumb/v7e-m+fp/hard\libc-musl.a(memset.o)
 .note.GNU-stack
                0x00000000        0x0 c:/program files/microchip/xc32/v4.00/bin/bin/../../lib/gcc/pic32c/8.3.1/../../../../pic32c/lib/thumb/v7e-m+fp/hard\libc-musl.a(strlen.o)
 .note.GNU-stack
                0x00000000        0x0 c:/program files/microchip/xc32/v4.00/bin/bin/../../lib/gcc/pic32c/8.3.1/../../../../pic32c/lib/thumb/v7e-m+fp/hard\libc-musl.a(strstr.o)
 .note.GNU-stack
                0x00000000        0x0 c:/program files/microchip/xc32/v4.00/bin/bin/../../lib/gcc/pic32c/8.3.1/../../../../pic32c/lib/thumb/v7e-m+fp/hard\libc-musl.a(__environ.o)

.stack          0x2000b860      0x100
 .stack         0x2000b860      0x100 stack

.bss.ucHeap%1   0x20000000     0xa000
 .bss.ucHeap    0x20000000     0xa000 build/Artemis_PDU/production/_ext/1665200909/heap_1.o

.bss.FATFSVolume%2
                0x2000a000      0x250
 .bss.FATFSVolume
                0x2000a000      0x250 build/Artemis_PDU/production/_ext/1111598889/sys_fs_fat_interface.o

.bss.FATFSFileObject%3
                0x2000a250      0x240
 .bss.FATFSFileObject
                0x2000a250      0x240 build/Artemis_PDU/production/_ext/1111598889/sys_fs_fat_interface.o

.bss.FatFs%4    0x2000a490      0x240
 .bss.FatFs     0x2000a490      0x240 build/Artemis_PDU/production/_ext/1360937237/app.o
                0x2000a490                FatFs

.bss.Fil%5      0x2000a6d0      0x230
 .bss.Fil       0x2000a6d0      0x230 build/Artemis_PDU/production/_ext/1360937237/app.o
                0x2000a6d0                Fil

.bss.LfnBuf%6   0x2000a900      0x200
 .bss.LfnBuf    0x2000a900      0x200 build/Artemis_PDU/production/_ext/401857885/ff.o

.bss.gSYSFSMediaBlockBuffer%7
                0x2000ab00      0x200
 .bss.gSYSFSMediaBlockBuffer
                0x2000ab00      0x200 build/Artemis_PDU/production/_ext/1111598889/sys_fs_media_manager.o
                0x2000ab00                gSYSFSMediaBlockBuffer

.bss.gSYSFSMediaBuffer%8
                0x2000ad00      0x200
 .bss.gSYSFSMediaBuffer
                0x2000ad00      0x200 build/Artemis_PDU/production/_ext/1111598889/sys_fs_media_manager.o
                0x2000ad00                gSYSFSMediaBuffer

.bss.gSYSFSFileObj%9
                0x2000af00      0x110
 .bss.gSYSFSFileObj
                0x2000af00      0x110 build/Artemis_PDU/production/_ext/1111598889/sys_fs.o
                0x2000af00                gSYSFSFileObj

.bss.receiveBuffer%10
                0x2000b010      0x100
 .bss.receiveBuffer
                0x2000b010      0x100 build/Artemis_PDU/production/_ext/1360937237/app.o
                0x2000b010                receiveBuffer

.bss.gDrvSDSPIObj%11
                0x2000b110       0xe0
 .bss.gDrvSDSPIObj
                0x2000b110       0xe0 build/Artemis_PDU/production/_ext/1760076532/drv_sdspi.o

.bss.timers%12  0x2000b1f0       0xa0
 .bss.timers    0x2000b1f0       0xa0 build/Artemis_PDU/production/_ext/1304864151/sys_time.o

.bss.pxReadyTasksLists%13
                0x2000b290       0x64
 .bss.pxReadyTasksLists
                0x2000b290       0x64 build/Artemis_PDU/production/_ext/404212886/FreeRTOS_tasks.o

.bss%14         0x2000b2f4       0x50
 .bss           0x2000b2f4       0x50 c:/program files/microchip/xc32/v4.00/bin/bin/../../lib/gcc/pic32c/8.3.1/../../../../pic32c/lib/thumb/v7e-m+fp/hard\libc-musl.a(libc.o)
                0x2000b2f4                __progname_full
                0x2000b2f4                program_invocation_name
                0x2000b2f8                program_invocation_short_name
                0x2000b2f8                __progname
                0x2000b2fc                __sysinfo
                0x2000b300                __hwcap
                0x2000b304                __libc

.bss.gDrvSPIObj%15
                0x2000b344       0x48
 .bss.gDrvSPIObj
                0x2000b344       0x48 build/Artemis_PDU/production/_ext/1471363227/drv_spi.o

.bss.FATFSDirObject%16
                0x2000b390       0x38
 .bss.FATFSDirObject
                0x2000b390       0x38 build/Artemis_PDU/production/_ext/1111598889/sys_fs_fat_interface.o

.bss.sercom2SPIObj%17
                0x2000b3c8       0x2c
 .bss.sercom2SPIObj
                0x2000b3c8       0x2c build/Artemis_PDU/production/_ext/796654533/plib_sercom2_spi_master.o

.bss.gSYSFSMediaObject%18
                0x2000b3f4       0x28
 .bss.gSYSFSMediaObject
                0x2000b3f4       0x28 build/Artemis_PDU/production/_ext/1111598889/sys_fs_media_manager.o
                0x2000b3f4                gSYSFSMediaObject

.bss.gSystemCounterObj%19
                0x2000b41c       0x28
 .bss.gSystemCounterObj
                0x2000b41c       0x28 build/Artemis_PDU/production/_ext/1304864151/sys_time.o

.bss.drvSPI0ClientObjPool%20
                0x2000b444       0x24
 .bss.drvSPI0ClientObjPool
                0x2000b444       0x24 build/Artemis_PDU/production/_ext/974488028/initialization.o

.bss%21         0x2000b468       0x1c
 .bss           0x2000b468       0x1c c:/program files/microchip/xc32/v4.00/bin/bin/../../lib/gcc/pic32c/8.3.1/thumb/v7e-m+fp/hard/crtbegin.o

.bss.gSYSFSVolumeObject%22
                0x2000b484       0x1c
 .bss.gSYSFSVolumeObject
                0x2000b484       0x1c build/Artemis_PDU/production/_ext/1111598889/sys_fs_media_manager.o
                0x2000b484                gSYSFSVolumeObject

.data.gSYSFSMediaManagerObj%23
                0x2000b4a0       0x18
 .data.gSYSFSMediaManagerObj
                0x2000b4a0       0x18 build/Artemis_PDU/production/_ext/1111598889/sys_fs_media_manager.o
                0x2000b4a0                gSYSFSMediaManagerObj

.bss.gSYSFSMountPoint%24
                0x2000b4b8       0x14
 .bss.gSYSFSMountPoint
                0x2000b4b8       0x14 build/Artemis_PDU/production/_ext/1111598889/sys_fs.o
                0x2000b4b8                gSYSFSMountPoint

.data.gSYSFSVolumeName%25
                0x2000b4cc       0x14
 .data.gSYSFSVolumeName
                0x2000b4cc       0x14 build/Artemis_PDU/production/_ext/1111598889/sys_fs_media_manager.o
                0x2000b4cc                gSYSFSVolumeName

.bss.xDelayedTaskList1%26
                0x2000b4e0       0x14
 .bss.xDelayedTaskList1
                0x2000b4e0       0x14 build/Artemis_PDU/production/_ext/404212886/FreeRTOS_tasks.o

.bss.xDelayedTaskList2%27
                0x2000b4f4       0x14
 .bss.xDelayedTaskList2
                0x2000b4f4       0x14 build/Artemis_PDU/production/_ext/404212886/FreeRTOS_tasks.o

.bss.xPendingReadyList%28
                0x2000b508       0x14
 .bss.xPendingReadyList
                0x2000b508       0x14 build/Artemis_PDU/production/_ext/404212886/FreeRTOS_tasks.o

.bss.xSuspendedTaskList%29
                0x2000b51c       0x14
 .bss.xSuspendedTaskList
                0x2000b51c       0x14 build/Artemis_PDU/production/_ext/404212886/FreeRTOS_tasks.o

.bss.xTasksWaitingTermination%30
                0x2000b530       0x14
 .bss.xTasksWaitingTermination
                0x2000b530       0x14 build/Artemis_PDU/production/_ext/404212886/FreeRTOS_tasks.o

.bss.Files%31   0x2000b544       0x10
 .bss.Files     0x2000b544       0x10 build/Artemis_PDU/production/_ext/401857885/ff.o

.bss.gSYSFSDirObj%32
                0x2000b554       0x10
 .bss.gSYSFSDirObj
                0x2000b554       0x10 build/Artemis_PDU/production/_ext/1111598889/sys_fs.o
                0x2000b554                gSYSFSDirObj

.bss.drvSDSPI0ClientObjPool%33
                0x2000b564       0x10
 .bss.drvSDSPI0ClientObjPool
                0x2000b564       0x10 build/Artemis_PDU/production/_ext/974488028/initialization.o

.data.SD_MOUNT_FAIL%34
                0x2000b574       0x10
 .data.SD_MOUNT_FAIL
                0x2000b574       0x10 build/Artemis_PDU/production/_ext/1360937237/app.o
                0x2000b574                SD_MOUNT_FAIL

.data.SD_SUCCESS_MSG%35
                0x2000b584        0xd
 .data.SD_SUCCESS_MSG
                0x2000b584        0xd build/Artemis_PDU/production/_ext/1360937237/app.o
                0x2000b584                SD_SUCCESS_MSG

.bss.sysObj%36  0x2000b594        0xc
 .bss.sysObj    0x2000b594        0xc build/Artemis_PDU/production/_ext/974488028/initialization.o
                0x2000b594                sysObj

.bss.sysfsMountTable%37
                0x2000b5a0        0xc
 .bss.sysfsMountTable
                0x2000b5a0        0xc build/Artemis_PDU/production/_ext/974488028/initialization.o
                0x2000b5a0                sysfsMountTable

.data.SD_FAILED_MSG%38
                0x2000b5ac        0xa
 .data.SD_FAILED_MSG
                0x2000b5ac        0xa build/Artemis_PDU/production/_ext/1360937237/app.o
                0x2000b5ac                SD_FAILED_MSG

.bss.gSysFsDiskData%39
                0x2000b5c0        0x8
 .bss.gSysFsDiskData
                0x2000b5c0        0x8 build/Artemis_PDU/production/_ext/867183764/diskio.o

.bss.rtcObj%40  0x2000b5c8        0xc
 .bss.rtcObj    0x2000b5c8        0xc build/Artemis_PDU/production/_ext/659748505/plib_rtc_timer.o

.bss.sercom4I2CSObj%41
                0x2000b5d4        0xc
 .bss.sercom4I2CSObj
                0x2000b5d4        0xc build/Artemis_PDU/production/_ext/835284660/plib_sercom4_i2c_slave.o

.bss.gSYSFSObj%42
                0x2000b5b8        0x8
 .bss.gSYSFSObj
                0x2000b5b8        0x8 build/Artemis_PDU/production/_ext/1111598889/sys_fs.o
                0x2000b5b8                gSYSFSObj

.bss.FatFs%43   0x2000b38c        0x4
 .bss.FatFs     0x2000b38c        0x4 build/Artemis_PDU/production/_ext/401857885/ff.o

.bss.gSysFsMutex%44
                0x2000b5e0        0x4
 .bss.gSysFsMutex
                0x2000b5e0        0x4 build/Artemis_PDU/production/_ext/1111598889/sys_fs.o
                0x2000b5e0                gSysFsMutex

.bss.xAPP_Tasks%45
                0x2000b5e4        0x4
 .bss.xAPP_Tasks
                0x2000b5e4        0x4 build/Artemis_PDU/production/_ext/974488028/tasks.o
                0x2000b5e4                xAPP_Tasks

.data.uxCriticalNesting%46
                0x2000b5e8        0x4
 .data.uxCriticalNesting
                0x2000b5e8        0x4 build/Artemis_PDU/production/_ext/246609638/port.o

.bss.pucAlignedHeap.6163%47
                0x2000b5ec        0x4
 .bss.pucAlignedHeap.6163
                0x2000b5ec        0x4 build/Artemis_PDU/production/_ext/1665200909/heap_1.o

.bss.xNextFreeByte%48
                0x2000b5f0        0x4
 .bss.xNextFreeByte
                0x2000b5f0        0x4 build/Artemis_PDU/production/_ext/1665200909/heap_1.o

.bss.pxCurrentTCB%49
                0x2000b5f4        0x4
 .bss.pxCurrentTCB
                0x2000b5f4        0x4 build/Artemis_PDU/production/_ext/404212886/FreeRTOS_tasks.o
                0x2000b5f4                pxCurrentTCB

.bss.pxDelayedTaskList%50
                0x2000b5f8        0x4
 .bss.pxDelayedTaskList
                0x2000b5f8        0x4 build/Artemis_PDU/production/_ext/404212886/FreeRTOS_tasks.o

.bss.pxOverflowDelayedTaskList%51
                0x2000b5fc        0x4
 .bss.pxOverflowDelayedTaskList
                0x2000b5fc        0x4 build/Artemis_PDU/production/_ext/404212886/FreeRTOS_tasks.o

.bss.uxCurrentNumberOfTasks%52
                0x2000b600        0x4
 .bss.uxCurrentNumberOfTasks
                0x2000b600        0x4 build/Artemis_PDU/production/_ext/404212886/FreeRTOS_tasks.o

.bss.uxDeletedTasksWaitingCleanUp%53
                0x2000b604        0x4
 .bss.uxDeletedTasksWaitingCleanUp
                0x2000b604        0x4 build/Artemis_PDU/production/_ext/404212886/FreeRTOS_tasks.o

.bss.uxSchedulerSuspended%54
                0x2000b608        0x4
 .bss.uxSchedulerSuspended
                0x2000b608        0x4 build/Artemis_PDU/production/_ext/404212886/FreeRTOS_tasks.o

.bss.uxTaskNumber%55
                0x2000b60c        0x4
 .bss.uxTaskNumber
                0x2000b60c        0x4 build/Artemis_PDU/production/_ext/404212886/FreeRTOS_tasks.o

.bss.uxTopReadyPriority%56
                0x2000b610        0x4
 .bss.uxTopReadyPriority
                0x2000b610        0x4 build/Artemis_PDU/production/_ext/404212886/FreeRTOS_tasks.o

.bss.xIdleTaskHandle%57
                0x2000b614        0x4
 .bss.xIdleTaskHandle
                0x2000b614        0x4 build/Artemis_PDU/production/_ext/404212886/FreeRTOS_tasks.o

.bss.xNextTaskUnblockTime%58
                0x2000b618        0x4
 .bss.xNextTaskUnblockTime
                0x2000b618        0x4 build/Artemis_PDU/production/_ext/404212886/FreeRTOS_tasks.o

.bss.xNumOfOverflows%59
                0x2000b61c        0x4
 .bss.xNumOfOverflows
                0x2000b61c        0x4 build/Artemis_PDU/production/_ext/404212886/FreeRTOS_tasks.o

.bss.xPendedTicks%60
                0x2000b620        0x4
 .bss.xPendedTicks
                0x2000b620        0x4 build/Artemis_PDU/production/_ext/404212886/FreeRTOS_tasks.o

.bss.xSchedulerRunning%61
                0x2000b624        0x4
 .bss.xSchedulerRunning
                0x2000b624        0x4 build/Artemis_PDU/production/_ext/404212886/FreeRTOS_tasks.o

.bss.xTickCount%62
                0x2000b628        0x4
 .bss.xTickCount
                0x2000b628        0x4 build/Artemis_PDU/production/_ext/404212886/FreeRTOS_tasks.o

.bss.xYieldPending%63
                0x2000b62c        0x4
 .bss.xYieldPending
                0x2000b62c        0x4 build/Artemis_PDU/production/_ext/404212886/FreeRTOS_tasks.o

.bss.bw%64      0x2000b630        0x4
 .bss.bw        0x2000b630        0x4 build/Artemis_PDU/production/_ext/1360937237/app.o
                0x2000b630                bw

.bss%65         0x2000b634        0x8
 .bss           0x2000b634        0x4 c:/program files/microchip/xc32/v4.00/bin/bin/../../lib/gcc/pic32c/8.3.1/../../../../pic32c/lib/thumb/v7e-m+fp/hard\libpic32c.a(data_init.o)
 .bss           0x2000b638        0x4 c:/program files/microchip/xc32/v4.00/bin/bin/../../lib/gcc/pic32c/8.3.1/../../../../pic32c/lib/thumb/v7e-m+fp/hard\libc-musl.a(__environ.o)
                0x2000b638                __environ
                0x2000b638                environ
                0x2000b638                ___environ
                0x2000b638                _environ

.data.newline%67
                0x2000b63c        0x3
 .data.newline  0x2000b63c        0x3 build/Artemis_PDU/production/_ext/1360937237/app.o
                0x2000b63c                newline

.bss.VolToPart%68
                0x2000b640        0x2
 .bss.VolToPart
                0x2000b640        0x2 build/Artemis_PDU/production/_ext/1111598889/sys_fs_media_manager.o
                0x2000b640                VolToPart

.bss.Fsid%69    0x2000b5b6        0x2
 .bss.Fsid      0x2000b5b6        0x2 build/Artemis_PDU/production/_ext/401857885/ff.o

.data.gSysTimeTokenCount%70
                0x2000b592        0x2
 .data.gSysTimeTokenCount
                0x2000b592        0x2 build/Artemis_PDU/production/_ext/1304864151/sys_time.o

.bss.rxCounter%71
                0x2000b642        0x2
 .bss.rxCounter
                0x2000b642        0x2 build/Artemis_PDU/production/_ext/1360937237/app.o
                0x2000b642                rxCounter

.bss.isExclusiveUseMutexAcquired.9262%72
                0x2000b63f        0x1
 .bss.isExclusiveUseMutexAcquired.9262
                0x2000b63f        0x1 build/Artemis_PDU/production/_ext/1471363227/drv_spi.o

.bss.isLastByteTransferInProgress.8082%73
                0x2000b591        0x1
 .bss.isLastByteTransferInProgress.8082
                0x2000b591        0x1 build/Artemis_PDU/production/_ext/796654533/plib_sercom2_spi_master.o

.bss.CurrVol%74
                0x2000b644        0x1
 .bss.CurrVol   0x2000b644        0x1 build/Artemis_PDU/production/_ext/401857885/ff.o

.bss.startupflag%75
                0x2000b645        0x1
 .bss.startupflag
                0x2000b645        0x1 build/Artemis_PDU/production/_ext/1111598889/sys_fs_fat_interface.o

.bss.data%76    0x2000b646        0x1
 .bss.data      0x2000b646        0x1 build/Artemis_PDU/production/_ext/1360937237/app.o
                0x2000b646                data

.eh_frame%z1    0x00000000        0x0
 .eh_frame      0x00000000        0x0 c:/program files/microchip/xc32/v4.00/bin/bin/../../lib/gcc/pic32c/8.3.1/thumb/v7e-m+fp/hard/crtbegin.o

.config_00804000.__config_00804000%77
                0x00804000        0x4
 .config_00804000.__config_00804000
                0x00804000        0x4 build/Artemis_PDU/production/_ext/974488028/initialization.o
                0x00804000                __config_00804000

.config_00804004.__config_00804004%78
                0x00804004        0x4
 .config_00804004.__config_00804004
                0x00804004        0x4 build/Artemis_PDU/production/_ext/974488028/initialization.o
                0x00804004                __config_00804004

.config_00804008.__config_00804008%79
                0x00804008        0x4
 .config_00804008.__config_00804008
                0x00804008        0x4 build/Artemis_PDU/production/_ext/974488028/initialization.o
                0x00804008                __config_00804008

.text.f_mkfs%80
                0x00000288      0x808
 .text.f_mkfs   0x00000288      0x808 build/Artemis_PDU/production/_ext/401857885/ff.o
                0x00000288                f_mkfs

.text.DRV_SDSPI_Tasks%81
                0x00000a90      0x6a0
 .text.DRV_SDSPI_Tasks
                0x00000a90      0x6a0 build/Artemis_PDU/production/_ext/1760076532/drv_sdspi.o
                0x00000a90                DRV_SDSPI_Tasks

.dinit%82       0x00001130      0x400
 .dinit         0x00001130      0x400 data_init

.text.SYS_FS_MEDIA_MANAGER_Tasks%83
                0x00001530      0x3f8
 .text.SYS_FS_MEDIA_MANAGER_Tasks
                0x00001530      0x3f8 build/Artemis_PDU/production/_ext/1111598889/sys_fs_media_manager.o
                0x00001530                SYS_FS_MEDIA_MANAGER_Tasks

.text.follow_path%84
                0x00001928      0x3ac
 .text.follow_path
                0x00001928      0x3ac build/Artemis_PDU/production/_ext/401857885/ff.o

.text.mount_volume%85
                0x00001cd4      0x398
 .text.mount_volume
                0x00001cd4      0x398 build/Artemis_PDU/production/_ext/401857885/ff.o

.text._DRV_SDSPI_SetupXfer%86
                0x0000206c      0x338
 .text._DRV_SDSPI_SetupXfer
                0x0000206c      0x338 build/Artemis_PDU/production/_ext/1760076532/drv_sdspi.o

.text.f_printf%87
                0x000023a4      0x320
 .text.f_printf
                0x000023a4      0x320 build/Artemis_PDU/production/_ext/401857885/ff.o
                0x000023a4                f_printf

.text%88        0x000026c4      0x2d0
 .text          0x000026c4      0x2d0 c:/program files/microchip/xc32/v4.00/bin/bin/../../lib/gcc/pic32c/8.3.1/thumb/v7e-m+fp/hard\libgcc.a(_udivmoddi4.o)
                0x000026c4                __udivmoddi4

.text.dir_register%89
                0x00002994      0x2b8
 .text.dir_register
                0x00002994      0x2b8 build/Artemis_PDU/production/_ext/401857885/ff.o

.text.f_open%90
                0x00002c4c      0x244
 .text.f_open   0x00002c4c      0x244 build/Artemis_PDU/production/_ext/401857885/ff.o
                0x00002c4c                f_open

.rodata.cvt1.8193%91
                0x00002e90      0x1f4
 .rodata.cvt1.8193
                0x00002e90      0x1f4 build/Artemis_PDU/production/_ext/401857885/ffunicode.o

.text.xTaskCreate%92
                0x00003084      0x1e4
 .text.xTaskCreate
                0x00003084      0x1e4 build/Artemis_PDU/production/_ext/404212886/FreeRTOS_tasks.o
                0x00003084                xTaskCreate

.text.dir_find%93
                0x00003268      0x1d8
 .text.dir_find
                0x00003268      0x1d8 build/Artemis_PDU/production/_ext/401857885/ff.o

.text.f_write%94
                0x00003440      0x1c6
 .text.f_write  0x00003440      0x1c6 build/Artemis_PDU/production/_ext/401857885/ff.o
                0x00003440                f_write

.text.read_CMD%95
                0x00003608      0x1c0
 .text.read_CMD
                0x00003608      0x1c0 build/Artemis_PDU/production/_ext/1360937237/app.o
                0x00003608                read_CMD

.text.f_read%96
                0x000037c8      0x198
 .text.f_read   0x000037c8      0x198 build/Artemis_PDU/production/_ext/401857885/ff.o
                0x000037c8                f_read

.text.f_lseek%97
                0x00003960      0x192
 .text.f_lseek  0x00003960      0x192 build/Artemis_PDU/production/_ext/401857885/ff.o
                0x00003960                f_lseek

.rodata%98      0x00003af4      0x18c
 .rodata        0x00003af4      0x18c build/Artemis_PDU/production/_ext/1360937237/app.o

.text.create_partition%99
                0x00003c80      0x188
 .text.create_partition
                0x00003c80      0x188 build/Artemis_PDU/production/_ext/401857885/ff.o

.text.SYS_FS_MEDIA_MANAGER_SectorWrite%100
                0x00003e08      0x188
 .text.SYS_FS_MEDIA_MANAGER_SectorWrite
                0x00003e08      0x188 build/Artemis_PDU/production/_ext/1111598889/sys_fs_media_manager.o
                0x00003e08                SYS_FS_MEDIA_MANAGER_SectorWrite

.text.f_setlabel%101
                0x00003f90      0x17c
 .text.f_setlabel
                0x00003f90      0x17c build/Artemis_PDU/production/_ext/401857885/ff.o
                0x00003f90                f_setlabel

.text.SERCOM2_SPI_InterruptHandler%102
                0x0000410c      0x170
 .text.SERCOM2_SPI_InterruptHandler
                0x0000410c      0x170 build/Artemis_PDU/production/_ext/796654533/plib_sercom2_spi_master.o
                0x0000410c                SERCOM2_SPI_InterruptHandler

.text._DRV_SDSPI_CommandSend%103
                0x0000427c      0x164
 .text._DRV_SDSPI_CommandSend
                0x0000427c      0x164 build/Artemis_PDU/production/_ext/1760076532/drv_sdspi.o

.text.get_fileinfo%104
                0x000043e0      0x164
 .text.get_fileinfo
                0x000043e0      0x164 build/Artemis_PDU/production/_ext/401857885/ff.o

.text.xQueueSemaphoreTake%105
                0x00004544      0x154
 .text.xQueueSemaphoreTake
                0x00004544      0x154 build/Artemis_PDU/production/_ext/404212886/queue.o
                0x00004544                xQueueSemaphoreTake

.text.DRV_SPI_WriteReadTransfer%106
                0x00004698      0x14c
 .text.DRV_SPI_WriteReadTransfer
                0x00004698      0x14c build/Artemis_PDU/production/_ext/1471363227/drv_spi.o
                0x00004698                DRV_SPI_WriteReadTransfer

.text.dir_read%107
                0x000047e4      0x138
 .text.dir_read
                0x000047e4      0x138 build/Artemis_PDU/production/_ext/401857885/ff.o

.text.f_getcwd%108
                0x0000491c      0x138
 .text.f_getcwd
                0x0000491c      0x138 build/Artemis_PDU/production/_ext/401857885/ff.o
                0x0000491c                f_getcwd

.text.SERCOM2_SPI_WriteRead%109
                0x00004a54      0x130
 .text.SERCOM2_SPI_WriteRead
                0x00004a54      0x130 build/Artemis_PDU/production/_ext/796654533/plib_sercom2_spi_master.o
                0x00004a54                SERCOM2_SPI_WriteRead

.text.put_fat%110
                0x00004b84      0x12c
 .text.put_fat  0x00004b84      0x12c build/Artemis_PDU/production/_ext/401857885/ff.o

.text.f_rename%111
                0x00004cb0      0x126
 .text.f_rename
                0x00004cb0      0x126 build/Artemis_PDU/production/_ext/401857885/ff.o
                0x00004cb0                f_rename

.text.xQueueGenericSend%112
                0x00004dd8      0x124
 .text.xQueueGenericSend
                0x00004dd8      0x124 build/Artemis_PDU/production/_ext/404212886/queue.o
                0x00004dd8                xQueueGenericSend

.text.create_chain%113
                0x00004efc      0x11e
 .text.create_chain
                0x00004efc      0x11e build/Artemis_PDU/production/_ext/401857885/ff.o

.text.f_mkdir%114
                0x0000501a      0x116
 .text.f_mkdir  0x0000501a      0x116 build/Artemis_PDU/production/_ext/401857885/ff.o
                0x0000501a                f_mkdir

.text.CLOCK_Initialize%115
                0x00005130      0x114
 .text.CLOCK_Initialize
                0x00005130      0x114 build/Artemis_PDU/production/_ext/1650922938/plib_clock.o
                0x00005130                CLOCK_Initialize

.text.xTaskIncrementTick%116
                0x00005244      0x114
 .text.xTaskIncrementTick
                0x00005244      0x114 build/Artemis_PDU/production/_ext/404212886/FreeRTOS_tasks.o
                0x00005244                xTaskIncrementTick

.rodata.uc437%117
                0x00005358      0x100
 .rodata.uc437  0x00005358      0x100 build/Artemis_PDU/production/_ext/401857885/ffunicode.o

.text.DRV_SDSPI_Initialize%118
                0x00005458       0xfc
 .text.DRV_SDSPI_Initialize
                0x00005458       0xfc build/Artemis_PDU/production/_ext/1760076532/drv_sdspi.o
                0x00005458                DRV_SDSPI_Initialize

.text.PORT_Initialize%119
                0x00005554       0xf4
 .text.PORT_Initialize
                0x00005554       0xf4 build/Artemis_PDU/production/_ext/1022696631/plib_port.o
                0x00005554                PORT_Initialize

.text.check_fs%120
                0x00005648       0xf0
 .text.check_fs
                0x00005648       0xf0 build/Artemis_PDU/production/_ext/401857885/ff.o

.text.DRV_SPI_Open%121
                0x00005738       0xe8
 .text.DRV_SPI_Open
                0x00005738       0xe8 build/Artemis_PDU/production/_ext/1471363227/drv_spi.o
                0x00005738                DRV_SPI_Open

.text.DRV_SDSPI_Open%122
                0x00005820       0xe4
 .text.DRV_SDSPI_Open
                0x00005820       0xe4 build/Artemis_PDU/production/_ext/1760076532/drv_sdspi.o
                0x00005820                DRV_SDSPI_Open

.text.xTaskResumeAll%123
                0x00005904       0xe4
 .text.xTaskResumeAll
                0x00005904       0xe4 build/Artemis_PDU/production/_ext/404212886/FreeRTOS_tasks.o
                0x00005904                xTaskResumeAll

.text.f_getfree%124
                0x000059e8       0xd8
 .text.f_getfree
                0x000059e8       0xd8 build/Artemis_PDU/production/_ext/401857885/ff.o
                0x000059e8                f_getfree

.text.get_fat%125
                0x00005ac0       0xd0
 .text.get_fat  0x00005ac0       0xd0 build/Artemis_PDU/production/_ext/401857885/ff.o

.text.f_unlink%126
                0x00005b90       0xcc
 .text.f_unlink
                0x00005b90       0xcc build/Artemis_PDU/production/_ext/401857885/ff.o
                0x00005b90                f_unlink

.text.dir_next%127
                0x00005c5c       0xc8
 .text.dir_next
                0x00005c5c       0xc8 build/Artemis_PDU/production/_ext/401857885/ff.o

.text.SYS_TIME_PLIBCallback%128
                0x00005d24       0xc4
 .text.SYS_TIME_PLIBCallback
                0x00005d24       0xc4 build/Artemis_PDU/production/_ext/1304864151/sys_time.o

.text.f_truncate%129
                0x00005de8       0xc2
 .text.f_truncate
                0x00005de8       0xc2 build/Artemis_PDU/production/_ext/401857885/ff.o
                0x00005de8                f_truncate

.rodata.cvt2.8194%130
                0x00005eac       0xbc
 .rodata.cvt2.8194
                0x00005eac       0xbc build/Artemis_PDU/production/_ext/401857885/ffunicode.o

.text.DRV_SPI_Initialize%131
                0x00005f68       0xb4
 .text.DRV_SPI_Initialize
                0x00005f68       0xb4 build/Artemis_PDU/production/_ext/1471363227/drv_spi.o
                0x00005f68                DRV_SPI_Initialize

.text.ff_wtoupper%132
                0x0000601c       0xb4
 .text.ff_wtoupper
                0x0000601c       0xb4 build/Artemis_PDU/production/_ext/401857885/ffunicode.o
                0x0000601c                ff_wtoupper

.text.dir_sdi%133
                0x000060d0       0xb0
 .text.dir_sdi  0x000060d0       0xb0 build/Artemis_PDU/production/_ext/401857885/ff.o

.text.SYS_TIME_TimerObjectCreate%134
                0x00006180       0xb0
 .text.SYS_TIME_TimerObjectCreate
                0x00006180       0xb0 build/Artemis_PDU/production/_ext/1304864151/sys_time.o

.text.vTaskSwitchContext%135
                0x00006230       0xa8
 .text.vTaskSwitchContext
                0x00006230       0xa8 build/Artemis_PDU/production/_ext/404212886/FreeRTOS_tasks.o
                0x00006230                vTaskSwitchContext

.text.xTaskPriorityInherit%136
                0x000062d8       0xa8
 .text.xTaskPriorityInherit
                0x000062d8       0xa8 build/Artemis_PDU/production/_ext/404212886/FreeRTOS_tasks.o
                0x000062d8                xTaskPriorityInherit

.text.enableGPIOs%137
                0x00006380       0xa8
 .text.enableGPIOs
                0x00006380       0xa8 build/Artemis_PDU/production/_ext/1360937237/app.o
                0x00006380                enableGPIOs

.text.disableGPIOs%138
                0x00006428       0xa8
 .text.disableGPIOs
                0x00006428       0xa8 build/Artemis_PDU/production/_ext/1360937237/app.o
                0x00006428                disableGPIOs

.text.f_getlabel%139
                0x000064d0       0xa2
 .text.f_getlabel
                0x000064d0       0xa2 build/Artemis_PDU/production/_ext/401857885/ff.o
                0x000064d0                f_getlabel

.rodata.gDrvSDSPICmdTable%140
                0x00006574       0xa0
 .rodata.gDrvSDSPICmdTable
                0x00006574       0xa0 build/Artemis_PDU/production/_ext/1760076532/drv_sdspi.o

.text.f_sync%141
                0x00006614       0x9c
 .text.f_sync   0x00006614       0x9c build/Artemis_PDU/production/_ext/401857885/ff.o
                0x00006614                f_sync

.text.FATFS_unmount%142
                0x000066b0       0x9c
 .text.FATFS_unmount
                0x000066b0       0x9c build/Artemis_PDU/production/_ext/1111598889/sys_fs_fat_interface.o
                0x000066b0                FATFS_unmount

.text.SERCOM4_I2C_InterruptHandler%143
                0x0000674c       0x98
 .text.SERCOM4_I2C_InterruptHandler
                0x0000674c       0x98 build/Artemis_PDU/production/_ext/835284660/plib_sercom4_i2c_slave.o
                0x0000674c                SERCOM4_I2C_InterruptHandler

.text.SERCOM2_SPI_TransferSetup%144